2026-06-27 07:29:56,664 DEBUG    root            Loaded Command Group: ['gcloud', 'config']
2026-06-27 07:29:57,133 DEBUG    root            Loaded Command Group: ['gcloud', 'config', 'config_helper']
2026-06-27 07:29:57,136 DEBUG    root            Running [gcloud.config.config-helper] with arguments: [--format: "json", --min-expiry: "1800"]
2026-06-27 07:29:57,140 DEBUG    root            On GCE from server: True
2026-06-27 07:29:57,239 DEBUG    root            On GCE from memory cache: True
2026-06-27 07:29:57,291 DEBUG    root            On GCE from memory cache: True
2026-06-27 07:29:57,326 DEBUG    urllib3.connectionpool Starting new HTTP connection (1): metadata.google.internal:80
2026-06-27 07:29:57,328 DEBUG    urllib3.connectionpool http://metadata.google.internal:80 "GET /computeMetadata/v1/instance/service-accounts/927061930480-compute@developer.gserviceaccount.com/?recursive=true HTTP/1.1" 200 155
2026-06-27 07:29:57,331 DEBUG    urllib3.connectionpool http://metadata.google.internal:80 "GET /computeMetadata/v1/instance/service-accounts/default/token?scopes=https%3A%2F%2Fwww.googleapis.com%2Fauth%2Fcloud-platform%2Chttps%3A%2F%2Fwww.googleapis.com%2Fauth%2Fuserinfo.email HTTP/1.1" 200 866
2026-06-27 07:29:57,361 DEBUG    root            On GCE from memory cache: True
2026-06-27 07:29:57,363 DEBUG    urllib3.connectionpool Starting new HTTPS connection (1): iamcredentials.googleapis.com:443
2026-06-27 07:29:57,438 DEBUG    urllib3.connectionpool https://iamcredentials.googleapis.com:443 "GET /v1/projects/-/serviceAccounts/927061930480-compute@developer.gserviceaccount.com/allowedLocations HTTP/1.1" 200 None
2026-06-27 07:29:57,489 DEBUG    root            Chosen display Format:default json
2026-06-27 07:29:57,490 INFO     root            Display format: "default json"
2026-06-27 07:29:57,542 INFO     ___FILE_ONLY___ {
  "configuration": {
    "active_configuration": "default",
    "properties": {
      "compute": {
        "region": "us-central1"
      },
      "core": {
        "account": "927061930480-compute@developer.gserviceaccount.com",
        "disable_usage_reporting": "True",
        "project": "project-b38b370e-25fb-420a-a54",
        "universe_domain": "googleapis.com"
      },
      "dataproc": {
        "region": "us-central1"
      }
    }
  },
  "credential": {
    "access_token": "ya29.c.c0AZ4bNpaWChYEy3DO8IDK_t6kzxMm2HjUDTKKJfiF12vASxt-IYiIRU0qql2j8b-xnFBxkLw_iQMQAl96s7VFEfM5GDzz68L6vlD5J3GCnyjmeq8z4nQYG21zFZPAkQE8xqwse0qU7Oi0a8yzL0z33CufEVJ2ZLTk0M6yJmO0wY_dRYJgzOHZk-VunJWhxtEVpbY6dGaYGFaPrfO1cM1ylkOV2t7SA7KUEzl4lskPSRw18W_QMyoJtK8cyxgxbrag8YR_pR8RhDxJgGd1ZMFM6Pmydl_xzVD5qcfVi8B6rU8MwZEd3Smb6m4_8G9UGip_CjIWB3PWpsjVlKn_px3hBJebfqSb_d776n4SFA3ouW77hfDgdv2Q5ORa2_AhuX49hWX2RKEhAZHGE_9qVYkIG413CcQscgl-s6il64n01VMo3lsexIrsm_i5-1BQFVeIyrx5n4n-Z0nmfjalF7_ynoaems5IU58Bav4yo5rSa83oWfcU39qiIFWh7ywym47snwZaQ9wOmmRkalbw8qjk_840z_RB5438l5B6c913bw066ZfS3UOvs0j-1sF26-y4Ux73ln44MV0glZBFyqjpZBlI6bt5Wb4Ig1syq0wea1W6XRi53Sgav_63nbF29W8zhZMs0kZ7f228Zf71FZFj0VfrYMjM5mU7ZJoFcqie_MOy2tk_SioYkeRw-OlJ291sxs17IdQ_UzxcbnS2MOrfc8npYvpnoYbxbtRg3nOrROVJk6ctu5usWoepYVWvYbYfRejvR8FVhpIuvX2BO8leditc0qcnI9QOdVlZideYvQeXRSuSd7zi0rXW1fctgUV0vWWs9gZRodIyn3Blg4Jsins6qtptwJy7Upx3MR4S8lcu0zmohOSb8OWkJfj_MfqOk2tnRv7W2pk-5VFMsc-ax-2meMnXScFxVZWWU2gpgJmF0dJUMJZtMp1mvj1ecR28c0iryxou7fR46-qnrM1V49BSb2xlaRR8ZsYvg8uilyYQukYcU0z2Rym",
    "id_token": "eyJhbGciOiJSUzI1NiIsImtpZCI6ImQxMjk3OGJhNGMyOWVmMTE1NGEzNGU0ODcwYzdhM2E1MWQyNmRmMTAiLCJ0eXAiOiJKV1QifQ.eyJhdWQiOiIzMjU1NTk0MDU1OS5hcHBzLmdvb2dsZXVzZXJjb250ZW50LmNvbSIsImF6cCI6IjEwNzMzNDUzMTg1MDI0NTgxOTY4MiIsImV4cCI6MTc4MjU0ODk5NywiaWF0IjoxNzgyNTQ1Mzk3LCJpc3MiOiJodHRwczovL2FjY291bnRzLmdvb2dsZS5jb20iLCJzdWIiOiIxMDczMzQ1MzE4NTAyNDU4MTk2ODIifQ.OCDfmvZDZo3tRQewb-ZrpJFhkcvyGe8twOLWQwiDrJKHxeUBbPXB_e3c5uGbIETclbYAmNEtftz2TsCbl7VZdeiuVY6wEEt1rDd6fXoGR4JmwNsXuFK9YTX5w09LxJugEJjhXINpJMD6Y_eFJWLVY3d_81PwVls05cYGIQvzTO1YjyNBExzalTv9VFE4CAvZkQnKlRZbhlv466o6KCv_IsCmylrqmjcQMYmA-QUrMe0Om41ckcW7dWOQYNuHgmtjHOmuv4_mHlGMNBS6QmCh1oykUDKBguI4ew3AT-P2jf5kdw8okWlWvSParMHBJpjk2s-kXnn1kEj4ckjUIMqIfA",
    "regional_access_boundary": "0x7ffffffffffffffe",
    "regional_access_boundary_expiry": "2026-06-27T13:29:57Z",
    "token_expiry": "2026-06-27T08:04:20Z"
  },
  "sentinels": {
    "config_sentinel": "/home/jupyter/.config/gcloud/config_sentinel"
  }
}
2026-06-27 07:29:57,542 INFO     ___FILE_ONLY___ 

2026-06-27 07:29:57,552 DEBUG    root            SDK update checks are disabled.
