2026-06-27 08:49:13,721 DEBUG    root            Loaded Command Group: ['gcloud', 'config']
2026-06-27 08:49:13,748 DEBUG    root            Loaded Command Group: ['gcloud', 'config', 'config_helper']
2026-06-27 08:49:13,751 DEBUG    root            Running [gcloud.config.config-helper] with arguments: [--format: "json", --min-expiry: "1800"]
2026-06-27 08:49:13,755 DEBUG    root            On GCE from server: True
2026-06-27 08:49:13,767 DEBUG    root            On GCE from memory cache: True
2026-06-27 08:49:13,779 DEBUG    root            On GCE from memory cache: True
2026-06-27 08:49:13,795 DEBUG    urllib3.connectionpool Starting new HTTP connection (1): metadata.google.internal:80
2026-06-27 08:49:13,799 DEBUG    urllib3.connectionpool http://metadata.google.internal:80 "GET /computeMetadata/v1/instance/service-accounts/927061930480-compute@developer.gserviceaccount.com/?recursive=true HTTP/1.1" 200 155
2026-06-27 08:49:13,802 DEBUG    urllib3.connectionpool http://metadata.google.internal:80 "GET /computeMetadata/v1/instance/service-accounts/default/token?scopes=https%3A%2F%2Fwww.googleapis.com%2Fauth%2Fcloud-platform%2Chttps%3A%2F%2Fwww.googleapis.com%2Fauth%2Fuserinfo.email HTTP/1.1" 200 868
2026-06-27 08:49:13,812 DEBUG    root            On GCE from memory cache: True
2026-06-27 08:49:13,841 DEBUG    root            Chosen display Format:default json
2026-06-27 08:49:13,842 INFO     root            Display format: "default json"
2026-06-27 08:49:13,895 INFO     ___FILE_ONLY___ {
  "configuration": {
    "active_configuration": "default",
    "properties": {
      "compute": {
        "region": "us-central1"
      },
      "core": {
        "account": "927061930480-compute@developer.gserviceaccount.com",
        "disable_usage_reporting": "True",
        "project": "project-b38b370e-25fb-420a-a54",
        "universe_domain": "googleapis.com"
      },
      "dataproc": {
        "region": "us-central1"
      }
    }
  },
  "credential": {
    "access_token": "ya29.c.c0AZ4bNpZ6LNcCN7bqz_0Z7YbnX4u6V1C8xnQjBdjIeeeCB-lmCfibA0swPOQkxu43jxS9ZJQfDXVNBbsoNTMUFfslbvnrOxqizKm97XlhodDyZ-Jg6Dh9-2T8AxLpCu2PwkTcxfRAsIFSIsQS3AgjDqt-jFBLbTLcO3qRLi2nd37o4BgFKd-xi6zI4d9c888ztefLdEAXSPFhbuajuxJhGoXo-oxWe0KnDbNSvDV7GDdN5fhmWnAgpV_3Mfw_cWkjhwgFGotuNZIapuHlTsjs6DctcCwd2didGniywTAR6u9teufwzbol2TBP2Yt71tNJ8RH92xoyXHDLyKPqx3oA-v6VvO_FaEnReIAq8PHuTRgjNdWqcKIcpet3g_QAQiFkbYO5A9nLKNfHfNwYAydtdpUL416DQr7YWXnjaeFagJvg126ebBJJ0cVM8fcW1tqk_SOyyWIWvvpdliBQ-5fevaOqU68sWl_JaumrWdxYzYU5QlZx6-rcMttM_O-J4aFVIkUM0-Zbzh6OVtgx6JZiqaxdoJWetv38UQFvzRknV3vVqkq-JMu_wXtap9gOyB0Bd6ijwWI3eS-1Qrn3jaxfg_Vy71S4s7M8_8lh50iXdc00l-jxqySsfeYOkM-y_IOkdU7a4U_jh83Xvjc04hrOZzv9gIxkdxVuQgk5V3nmpiQoIVm8U3zZh6kyMmf8I4pkwwWls3fnIM7_93U2d7cI50oaS5a3B85kQoxF2zkxqZF4OQ_uOad-0rYs2tkyena2ie7I_imyXJQ3I_dvjXORuzl1dkMX_SzR8utsvb1hMouFsYikQucSX7rs7_4YVFeOicon09qlM3M39cO3Us4uUh_82f_JOVr5Jbh90aq7RFe_k2Q2W6Sit47VgzYFvn2Rg4-ytjpfceWBQg7Fbg3clip5hydggwu18Z-Q-jfM2zqarBzoF0Z9hJte5SuOukkdt15uf1x0X0rOdZhcr5W-Ul1gItMOdRoRBFhbrlldOz6tZVt4JWpBMQg",
    "id_token": "eyJhbGciOiJSUzI1NiIsImtpZCI6ImQxMjk3OGJhNGMyOWVmMTE1NGEzNGU0ODcwYzdhM2E1MWQyNmRmMTAiLCJ0eXAiOiJKV1QifQ.eyJhdWQiOiIzMjU1NTk0MDU1OS5hcHBzLmdvb2dsZXVzZXJjb250ZW50LmNvbSIsImF6cCI6IjEwNzMzNDUzMTg1MDI0NTgxOTY4MiIsImV4cCI6MTc4MjU1Mzc1MywiaWF0IjoxNzgyNTUwMTUzLCJpc3MiOiJodHRwczovL2FjY291bnRzLmdvb2dsZS5jb20iLCJzdWIiOiIxMDczMzQ1MzE4NTAyNDU4MTk2ODIifQ.8sVP-pW-gttigFesKhNwohuNyQphnzcmpWSg3pmoSSE5bHYs-i251LqZjxSjyyfVFWeKnuNpL1C06NhvoA3P6VKn_XwrfgIIMOcYK1VlcQhh72DUcSBxHu4WONWb78Zh3vElzIL421YdwbmPpJ89duYejBjk515nSAHtUKc0I_IkNhaJp9MwRZ57hs7PCavuuK9RJqCOkCB8KCstMI1gHxJ-9Cwt8B86M-dMQnb7HJHdKscJkwxecwEzunlj-bNrUqbGwa9pcQkz_LiMYFh4mJneyKRN_uKnJlrOkxLoPL7pNM3K0RcMefpDfZh2vPozlo97LUg7uW7LYtV_4Wvycg",
    "regional_access_boundary": "0x7ffffffffffffffe",
    "regional_access_boundary_expiry": "2026-06-27T13:29:57Z",
    "token_expiry": "2026-06-27T08:59:39Z"
  },
  "sentinels": {
    "config_sentinel": "/home/jupyter/.config/gcloud/config_sentinel"
  }
}
2026-06-27 08:49:13,895 INFO     ___FILE_ONLY___ 

2026-06-27 08:49:13,904 DEBUG    root            SDK update checks are disabled.
