2026-06-27 09:11:01,300 DEBUG    root            Loaded Command Group: ['gcloud', 'config']
2026-06-27 09:11:01,335 DEBUG    root            Loaded Command Group: ['gcloud', 'config', 'config_helper']
2026-06-27 09:11:01,340 DEBUG    root            Running [gcloud.config.config-helper] with arguments: [--format: "json", --min-expiry: "1800"]
2026-06-27 09:11:01,346 DEBUG    root            On GCE from server: True
2026-06-27 09:11:01,362 DEBUG    root            On GCE from memory cache: True
2026-06-27 09:11:01,382 DEBUG    root            On GCE from memory cache: True
2026-06-27 09:11:01,399 DEBUG    urllib3.connectionpool Starting new HTTP connection (1): metadata.google.internal:80
2026-06-27 09:11:01,401 DEBUG    urllib3.connectionpool http://metadata.google.internal:80 "GET /computeMetadata/v1/instance/service-accounts/927061930480-compute@developer.gserviceaccount.com/?recursive=true HTTP/1.1" 200 155
2026-06-27 09:11:01,406 DEBUG    urllib3.connectionpool http://metadata.google.internal:80 "GET /computeMetadata/v1/instance/service-accounts/default/token?scopes=https%3A%2F%2Fwww.googleapis.com%2Fauth%2Fcloud-platform%2Chttps%3A%2F%2Fwww.googleapis.com%2Fauth%2Fuserinfo.email HTTP/1.1" 200 868
2026-06-27 09:11:01,432 DEBUG    root            On GCE from memory cache: True
2026-06-27 09:11:01,489 DEBUG    root            Chosen display Format:default json
2026-06-27 09:11:01,490 INFO     root            Display format: "default json"
2026-06-27 09:11:01,581 INFO     ___FILE_ONLY___ {
  "configuration": {
    "active_configuration": "default",
    "properties": {
      "compute": {
        "region": "us-central1"
      },
      "core": {
        "account": "927061930480-compute@developer.gserviceaccount.com",
        "disable_usage_reporting": "True",
        "project": "project-b38b370e-25fb-420a-a54",
        "universe_domain": "googleapis.com"
      },
      "dataproc": {
        "region": "us-central1"
      }
    }
  },
  "credential": {
    "access_token": "ya29.c.c0AZ4bNpa8_QMqh4yFpoOc0TkorvxoUinQx_Fh_6hVWYOeDTkCHe_6b59e8e2JTjhRfYOG3v2_c2z-51n7_whVcrFJwiWumYuUlzRHzLCnvC48UTxTkZ1CBx2z3rtF-gGiLbIxPhNIS-F9PXz-XkpKpCStMEKGY4mk3bydqM4fVvfm3kQ1OZX1X0RMzyhuSABEQnkdot1C1DSgSkGSHid1WGgKNQIUiDa-XhVBefK920s2PmgWbrYXYrew43ng4v4ML5YWHqys5T9cxCm8iEgHhnFChxdAnxNl8hFDHGAp7kjunD0dOOZ8TN4pV8dCYKnjUuE0320wgsO8a6b1sgoIEs-6BxIcWzgTREorRxSWjn3wAkLoYgPlyagOXW-wRpcZzRSpSalqiXYXkZ7fFjLUq3IN416AgznlIYjc1pRJjSoU55RQWsdaUvZqeU9BliedU49-owyeVh6fMVds6gJYzO3-6aS4dU-p02BfjMWu9cj6RXnSy2piBc2pnhQJxw5pB9Bh5mVm4lSoz876q3-rOVW7eJ_du7MUvSsXd6M4pBb604u4gzIzlIeWypilq1-mfpkMJOZ00qFvZidVbl9wlk-pWkmx5XzgrB9ohbXsqjRzRO1gIe2kjeRlbkot57lgzopJWWShi6QQthvFQfs9vUrtO6vki1I_dlt3r0w69VBQkmJ_7n3cmqBWqBnB90I0disMF6enYj6q7wilp83gdq9c8he5gxQss9tncMSd3J9xQu3YXS_rMcI1OYlXZs9JBkFYy93t5O69Q3-hylxlaYql-4UFBjXXqmr9sfZt3-7Wrbd4bce37emfa3zQS_zvaBZUr69qYjuy6bWwySfkiMiazzjelI2xoRfhcoIktZ9dlpaYoMiguyFlBxuuJXvvy3tyzB3uJBek-wlc6XyQ32-107sz3cRz4YMYcRt1Yue5s0haY-JMn0-_sZnFkOde7eWRmf53Rqu_Vl149-r-zi0sZW-1n0fj5UxekVfqxf-V1eOvRsX_v09",
    "id_token": "eyJhbGciOiJSUzI1NiIsImtpZCI6ImQxMjk3OGJhNGMyOWVmMTE1NGEzNGU0ODcwYzdhM2E1MWQyNmRmMTAiLCJ0eXAiOiJKV1QifQ.eyJhdWQiOiIzMjU1NTk0MDU1OS5hcHBzLmdvb2dsZXVzZXJjb250ZW50LmNvbSIsImF6cCI6IjEwNzMzNDUzMTg1MDI0NTgxOTY4MiIsImV4cCI6MTc4MjU1NTA2MSwiaWF0IjoxNzgyNTUxNDYxLCJpc3MiOiJodHRwczovL2FjY291bnRzLmdvb2dsZS5jb20iLCJzdWIiOiIxMDczMzQ1MzE4NTAyNDU4MTk2ODIifQ.JRSlWLSWrmo_SddKcr-uf82Vz7xLy5qAoerhSkxUUpPSWEpTSjghHzpuM9KNBN6pUCULyzclyiujhsO1UU1zVqwBmcL3vCzo_IIxEqV6xLtHcVXBlKOzLpvePG3cZKu0aMsJ9WSbzWRFZdh9vgPAoRd5DTyTqOhlqRGRiFAluNIbpNC7e2t_IcEjw7zbISEZ4NW_jucoE3JQUzOdpdDcBLvE35vzHN3R8PcFxsjsEEFG1oFCIHbrjZ9k-tChMw3eVZoErmdoC-IyB-kA2RoDr6e-PWta_KFqNe_lxihRvcF6L4m_NXz1JpG55VkPTw7tpW670Fi1NYkPAFJDUHpWLg",
    "regional_access_boundary": "0x7ffffffffffffffe",
    "regional_access_boundary_expiry": "2026-06-27T13:29:57Z",
    "token_expiry": "2026-06-27T09:54:57Z"
  },
  "sentinels": {
    "config_sentinel": "/home/jupyter/.config/gcloud/config_sentinel"
  }
}
2026-06-27 09:11:01,581 INFO     ___FILE_ONLY___ 

2026-06-27 09:11:01,596 DEBUG    root            SDK update checks are disabled.
