2026-06-27 10:02:37,691 DEBUG    root            Loaded Command Group: ['gcloud', 'config']
2026-06-27 10:02:37,716 DEBUG    root            Loaded Command Group: ['gcloud', 'config', 'config_helper']
2026-06-27 10:02:37,720 DEBUG    root            Running [gcloud.config.config-helper] with arguments: [--format: "json", --min-expiry: "1800"]
2026-06-27 10:02:37,723 DEBUG    root            On GCE from server: True
2026-06-27 10:02:37,734 DEBUG    root            On GCE from memory cache: True
2026-06-27 10:02:37,746 DEBUG    root            On GCE from memory cache: True
2026-06-27 10:02:37,761 DEBUG    urllib3.connectionpool Starting new HTTP connection (1): metadata.google.internal:80
2026-06-27 10:02:37,763 DEBUG    urllib3.connectionpool http://metadata.google.internal:80 "GET /computeMetadata/v1/instance/service-accounts/927061930480-compute@developer.gserviceaccount.com/?recursive=true HTTP/1.1" 200 155
2026-06-27 10:02:37,767 DEBUG    urllib3.connectionpool http://metadata.google.internal:80 "GET /computeMetadata/v1/instance/service-accounts/default/token?scopes=https%3A%2F%2Fwww.googleapis.com%2Fauth%2Fcloud-platform%2Chttps%3A%2F%2Fwww.googleapis.com%2Fauth%2Fuserinfo.email HTTP/1.1" 200 868
2026-06-27 10:02:37,792 DEBUG    root            On GCE from memory cache: True
2026-06-27 10:02:37,840 DEBUG    root            Chosen display Format:default json
2026-06-27 10:02:37,841 INFO     root            Display format: "default json"
2026-06-27 10:02:37,894 INFO     ___FILE_ONLY___ {
  "configuration": {
    "active_configuration": "default",
    "properties": {
      "compute": {
        "region": "us-central1"
      },
      "core": {
        "account": "927061930480-compute@developer.gserviceaccount.com",
        "disable_usage_reporting": "True",
        "project": "project-b38b370e-25fb-420a-a54",
        "universe_domain": "googleapis.com"
      },
      "dataproc": {
        "region": "us-central1"
      }
    }
  },
  "credential": {
    "access_token": "ya29.c.c0AZ4bNpaLCkJkK_MJcB-1xG9Kp_F_ZBZ1AUxiZRAUzsxHK_IY6_tpNTLB0ni5m27wULBY__LJjxdsrcyytVmw1O5G2Mz4Z7VHky4yp7JQOpjZ1aO43NcUdHkByWyd6UuZnWi3yGxovYJr3srOfyASRCnux7dNRLBEH1UDBvloWk2hy2dvhn58H2OuY3k831h8qMshOVQyHwuHobz3ZA3IkDsSmJsX0Cufm2WcTFAHZ1kZtMyioqaNKeGW0PmH8W_Qv_AhaA7zheVA-UT6nXp_yQffwVKLlETTR0yFgVRjPS8bxhgirkq2K9UjXDCI9t5M1X11XUtxQfZhe-52Sg0AgpIAxYEwcQtaik_8q_8ZS_q1m0ZHA8_kKxaIJXIV4AoK2Ji-bnzik55Ni0vWDtG8BwL415CYcrrBurUVVO0ucodk1OIsy9YBdqnwMyVUvivdaWomr928IZ4vlxfbxJ91fdVJZRByzdn0XXgsnwXXvfS9eWJ4n_sn34un4Jinw_4-pFej3j-txSekkFtnrW9MYspRFVtgh1Mu0im-M67BxJR6wBdSf1JpnvWmWtiriaipUOZnZ2keyd_WfB4FpOXZd-RyeoZpyw1JXmtkR9YsjUx6z8W_FUReZ46S5qarXFSxJsvJr-9582cle5vxjS1nf_z-OJ7jF_qwl1eUl28kViuydv1OjZiheVXtmW5umuzyphvk3dBarFdfRFIaskefbd66I5OeFeX-636Rsjn5jieVUfgbxhbr8m_n6IYiiI5w-691SUqFWprkq4gZr5M6Ww_uB9_guZ0wf967mtnS55flrc9xxFcZRekcxfUt1bYznYYBgUqbxIUX6Z-3IUs403ggyIwSbyfd2VF4zUfXMtkxJhIIrYhj0BpsI8VI1cYj179p9sWY4uYkc6y-M9QOpq8unn5cfnB0B1xivYX8pscZs5XVWVskclvFZ6Qb4XoSsSo90hy_7vFxOdpr7pqZQUB5-7j-70pR-lUb52uwIfOqqSOkYpXXdmi",
    "id_token": "eyJhbGciOiJSUzI1NiIsImtpZCI6ImQxMjk3OGJhNGMyOWVmMTE1NGEzNGU0ODcwYzdhM2E1MWQyNmRmMTAiLCJ0eXAiOiJKV1QifQ.eyJhdWQiOiIzMjU1NTk0MDU1OS5hcHBzLmdvb2dsZXVzZXJjb250ZW50LmNvbSIsImF6cCI6IjEwNzMzNDUzMTg1MDI0NTgxOTY4MiIsImV4cCI6MTc4MjU1ODE1NywiaWF0IjoxNzgyNTU0NTU3LCJpc3MiOiJodHRwczovL2FjY291bnRzLmdvb2dsZS5jb20iLCJzdWIiOiIxMDczMzQ1MzE4NTAyNDU4MTk2ODIifQ.m_-ekFCJgK1L6ZOX0qv2PZ0Epp7Ab2OucfiisTuMZDXymyK00s7WkiguxnWodEzPRXDy1C-wHJbSjV1bi2g7bUHJvihz9GC4tAEi5iJQH0r8lYr41zNKfdI_gzu3kQe4HZRPRDfhk3glZmBbKmVJwuPsCA4MQekG82_buxwMRK5zB2zIcfZvIi-udt2OWrMMaJzm1njCefKOQrNaKOKcEro6zDCZojlvOXkCMWqbX3L1_9x9ROGJFb38QnPQ5vNgj7-GxQ8zVLBrwn78WbbQtHAJCODEuI2-YcepwAMIxkx6o39bZgW9ADydB9V09YEowVazL-xuefpcfMhXGsO7FQ",
    "regional_access_boundary": "0x7ffffffffffffffe",
    "regional_access_boundary_expiry": "2026-06-27T13:29:57Z",
    "token_expiry": "2026-06-27T10:50:12Z"
  },
  "sentinels": {
    "config_sentinel": "/home/jupyter/.config/gcloud/config_sentinel"
  }
}
2026-06-27 10:02:37,894 INFO     ___FILE_ONLY___ 

2026-06-27 10:02:37,904 DEBUG    root            SDK update checks are disabled.
