2026-06-27 11:05:52,687 DEBUG    root            Loaded Command Group: ['gcloud', 'config']
2026-06-27 11:05:52,713 DEBUG    root            Loaded Command Group: ['gcloud', 'config', 'config_helper']
2026-06-27 11:05:52,717 DEBUG    root            Running [gcloud.config.config-helper] with arguments: [--format: "json", --min-expiry: "1800"]
2026-06-27 11:05:52,722 DEBUG    root            On GCE from server: True
2026-06-27 11:05:52,733 DEBUG    root            On GCE from memory cache: True
2026-06-27 11:05:52,746 DEBUG    root            On GCE from memory cache: True
2026-06-27 11:05:52,759 DEBUG    urllib3.connectionpool Starting new HTTP connection (1): metadata.google.internal:80
2026-06-27 11:05:52,761 DEBUG    urllib3.connectionpool http://metadata.google.internal:80 "GET /computeMetadata/v1/instance/service-accounts/927061930480-compute@developer.gserviceaccount.com/?recursive=true HTTP/1.1" 200 155
2026-06-27 11:05:52,765 DEBUG    urllib3.connectionpool http://metadata.google.internal:80 "GET /computeMetadata/v1/instance/service-accounts/default/token?scopes=https%3A%2F%2Fwww.googleapis.com%2Fauth%2Fcloud-platform%2Chttps%3A%2F%2Fwww.googleapis.com%2Fauth%2Fuserinfo.email HTTP/1.1" 200 869
2026-06-27 11:05:52,780 DEBUG    root            On GCE from memory cache: True
2026-06-27 11:05:52,810 DEBUG    root            Chosen display Format:default json
2026-06-27 11:05:52,811 INFO     root            Display format: "default json"
2026-06-27 11:05:52,866 INFO     ___FILE_ONLY___ {
  "configuration": {
    "active_configuration": "default",
    "properties": {
      "compute": {
        "region": "us-central1"
      },
      "core": {
        "account": "927061930480-compute@developer.gserviceaccount.com",
        "disable_usage_reporting": "True",
        "project": "project-b38b370e-25fb-420a-a54",
        "universe_domain": "googleapis.com"
      },
      "dataproc": {
        "region": "us-central1"
      }
    }
  },
  "credential": {
    "access_token": "ya29.c.c0AZ4bNpYwtdxeiKyMQ0eL8GXkFgwFXgaXtCHnKvlt0XDAR0ohnjM76RT7qQRz7u0GlFZviST85QkF-q0i2FXc6JkiYfqg759otpDOCy27pb2KTfwfzkIyO6YqL1dn2yAERbSzAZPxhRF_bfw-4MgUULBl0DL8hyaJVMyaH1Px7UhkOhmpdQZ99Vx1D31WSwwYfwwZdMNGl9EMNiobgmpZJ0a6KLzKV_ys-KsQI2U4jDDzcDADMVp2JLnBo72EXHEOJZOO_qyILJjdjUGrBCrvQdgcg20ziciM_ldqyAzskRSKSKgms-RdTxQtZ3asgv5NGTMj7oJrw9CJDqCmM6L4BlPbeVAtUKJ-1JIqyrsgvcWNsg09FkokJsXjUR5nj7BAOCbuEuyMVuW0WwiHnf4gOAE415Ah-6utM2oz_szU-OnwRFcen82cqY0mURcIbzxlBcUayvr891Q2uOwZkM1n5FJvke_dMyvqSf5hrXuhRwj3k5bjSWyx30Z5-vg5B1ZMWd6xxZdWaYBbQgo_cWgYZxY2Q5oWa3XrkqxzZh1zaur1bl0VxO6kzxURBmUVh9Movgq68m66ymOJj41i904RMVu0hsh7S-tyvgxUXZ_Y-UIyfeOSsznXw7InnifhQd_84Vdtpa4xftIQ__0-3lJI4pjatd12tjvYp2joXuZI-RsOVI3n6v5qUBIV0B6gSUZV3J_es7MBp1XgV00VV0QSmMdsFt6bbmZf2tuYr8qVy_ffUXm-fYyJO7Z9BWZZ-hZ_xBtIiglalZ7eSkO3XtjzeMUmz83laIOaXs70txlazMt5ee5nz7Yn5w5oBafJI0RpgUf7eaJYs5bpYu37ZxaIgVXk8xvI2hF8hWo1jgO5_Xy8oujz2fwMBp6nkX4SOjBrj9hZdZ4vwhluubJkUZmds4v-VaBeYZWVaVjow37v4e6vZdjbmIejh6s2e2VtckUZp98e5jShFZRM5MisptVIXBfe-mftMpijIX9oe1J2eg_oXVsaBudaVB_",
    "id_token": "eyJhbGciOiJSUzI1NiIsImtpZCI6ImQxMjk3OGJhNGMyOWVmMTE1NGEzNGU0ODcwYzdhM2E1MWQyNmRmMTAiLCJ0eXAiOiJKV1QifQ.eyJhdWQiOiIzMjU1NTk0MDU1OS5hcHBzLmdvb2dsZXVzZXJjb250ZW50LmNvbSIsImF6cCI6IjEwNzMzNDUzMTg1MDI0NTgxOTY4MiIsImV4cCI6MTc4MjU2MTk1MiwiaWF0IjoxNzgyNTU4MzUyLCJpc3MiOiJodHRwczovL2FjY291bnRzLmdvb2dsZS5jb20iLCJzdWIiOiIxMDczMzQ1MzE4NTAyNDU4MTk2ODIifQ.CDpuUyMs8NJJHWD71GSjStjpKmDG9w9GAw5258u54qKjcWiZWVBO0uNDLXd1OVxz3VfTMAmFCREO2CBAGfqz9Afnl_If1oTMPctQ_peNouhaaT5aujITENt_xfGQ-09xUWH0N7XQXzgt5sUuJvIwbR-9RhPenoI-hMXm48ftYSJIYdb0xdZACtXI1AVVrUijWACq46cPTKIDxqRu3812o7lsszs_hd_GDKj1gKOHaMvyXrs-bk3Mh5YaGzy_tNWVikOEHrYYatCmvPMKTIgj4CVZ0WUFguE2womrKjIWA-04ibnh4XMwM6RBymVJRjb4_25QRrsVFdW4S64KDiA9nw",
    "regional_access_boundary": "0x7ffffffffffffffe",
    "regional_access_boundary_expiry": "2026-06-27T13:29:57Z",
    "token_expiry": "2026-06-27T11:45:28Z"
  },
  "sentinels": {
    "config_sentinel": "/home/jupyter/.config/gcloud/config_sentinel"
  }
}
2026-06-27 11:05:52,866 INFO     ___FILE_ONLY___ 

2026-06-27 11:05:52,877 DEBUG    root            SDK update checks are disabled.
