2026-06-27 15:12:06,343 DEBUG    root            Loaded Command Group: ['gcloud', 'config']
2026-06-27 15:12:06,368 DEBUG    root            Loaded Command Group: ['gcloud', 'config', 'config_helper']
2026-06-27 15:12:06,371 DEBUG    root            Running [gcloud.config.config-helper] with arguments: [--format: "json", --min-expiry: "1800"]
2026-06-27 15:12:06,371 DEBUG    root            On GCE from disk cache: True
2026-06-27 15:12:06,383 DEBUG    root            On GCE from memory cache: True
2026-06-27 15:12:06,396 DEBUG    root            On GCE from memory cache: True
2026-06-27 15:12:06,419 DEBUG    urllib3.connectionpool Starting new HTTP connection (1): metadata.google.internal:80
2026-06-27 15:12:06,421 DEBUG    urllib3.connectionpool http://metadata.google.internal:80 "GET /computeMetadata/v1/instance/service-accounts/927061930480-compute@developer.gserviceaccount.com/?recursive=true HTTP/1.1" 200 155
2026-06-27 15:12:06,425 DEBUG    urllib3.connectionpool http://metadata.google.internal:80 "GET /computeMetadata/v1/instance/service-accounts/default/token?scopes=https%3A%2F%2Fwww.googleapis.com%2Fauth%2Fcloud-platform%2Chttps%3A%2F%2Fwww.googleapis.com%2Fauth%2Fuserinfo.email HTTP/1.1" 200 870
2026-06-27 15:12:06,443 DEBUG    root            On GCE from memory cache: True
2026-06-27 15:12:06,482 DEBUG    root            Chosen display Format:default json
2026-06-27 15:12:06,482 INFO     root            Display format: "default json"
2026-06-27 15:12:06,536 INFO     ___FILE_ONLY___ {
  "configuration": {
    "active_configuration": "default",
    "properties": {
      "compute": {
        "region": "us-central1"
      },
      "core": {
        "account": "927061930480-compute@developer.gserviceaccount.com",
        "disable_usage_reporting": "True",
        "project": "project-b38b370e-25fb-420a-a54",
        "universe_domain": "googleapis.com"
      },
      "dataproc": {
        "region": "us-central1"
      }
    }
  },
  "credential": {
    "access_token": "ya29.c.c0AZ4bNpZtj4gqMZEP7aYk7qFRequQJBj01QrFde_F09LMVTKqPUyAsm1yNkadbUuL9_OveCfH7LGeMPS80oPHXSv2ach1eCRTnUuNE9BHFYTxhWg61CxkeI9m-OF6hYKgl5hCAlPb-yXIGbPUJ-Wzr2lD5Klt-iyn26YSNHPu6bj4SGgKKiELfLwmeOGI_nd6NRBOCPeh2TLLhPBb7JufGnlP3XzTsg2zWvh86ukkJPbNtBX1fm6Me5tQEYbgLWR4V0hrFepde-ady6k20nE9x6ntDcrMeJXg7VQ0sTl7fhIGj8vytzgNdD87lraC-_ARNc3sj-28LCGB9OKShmyzNT6unYed5eARiAu4gHZcOQHab2O0J3YcAED-SlT-0AdH8Gveusw5jDUD0RmE98AKMwG415KkBijeQRlwji6Syf-8wJkBu0c4aVrXr6nsdM8X94SR78yUSseyt2cw6SbVxnBRnZcl41y5oOwsm-e9ei0eZxrB6_3tq8_4jxcF4nxylhgflWmIhcZBm6QS-bVea5zsFywpjfe2--e-uaSZvl3hZf5ZRuMURkIVQIZQJUWV21Ilf8yot6_5Qyq4QznxJr2xvbnJwRw6tBqkQfhwz58jB34MiSzl2ByIl5rjkuz47iBvVccusgeuJBS9ZIbgerB7lzmu8VpyuYutoO0pji2jvtBolx4FltxSxm78eqbV704Ue8R1ZWfy98Z0XxSgQUmQRS-OVd-95WXy0fJUkarMyl6Uw2zm2ZY4wB1QshBUq7jXyx2d3ginuxQ1ZBfjsyZ95JYMIcjkd75t50jmgd5nmWnp7M8UIdj7mVQ3e1pssBear6oVUpSUySorZ4Uuz-xul0OM-kqZq099tlxjxt4kt0eUIdux_9kffwbJ9fjRspXv7W59mZ9QuWhsqQxsW5sn1I1-YOQdI0hok4RFMJXWcZpOO7uomZIfShxwi6WXZBI290bQ6utJMjiihMXeu2-F9cb9S3MplpdrihynQrktbrsB4kx7zQz",
    "id_token": "eyJhbGciOiJSUzI1NiIsImtpZCI6ImQxMjk3OGJhNGMyOWVmMTE1NGEzNGU0ODcwYzdhM2E1MWQyNmRmMTAiLCJ0eXAiOiJKV1QifQ.eyJhdWQiOiIzMjU1NTk0MDU1OS5hcHBzLmdvb2dsZXVzZXJjb250ZW50LmNvbSIsImF6cCI6IjEwNzMzNDUzMTg1MDI0NTgxOTY4MiIsImV4cCI6MTc4MjU3NjcyNiwiaWF0IjoxNzgyNTczMTI2LCJpc3MiOiJodHRwczovL2FjY291bnRzLmdvb2dsZS5jb20iLCJzdWIiOiIxMDczMzQ1MzE4NTAyNDU4MTk2ODIifQ.HEHeXjEA06DNiTzVc8tTEABPw-T8cJmlGXYcjX6duAEMc2YtSYGmcqgIY_MYpxcpx5yTFEX3lOgcK8xfvcQAmgq0gn7n77iG-nmiuTEop-arrGEOL3aZ_5mtzjEovzICFgvqjM-PlCwfxKnfH44YTJvIhT1js0xWwq-GEOeVbWE-cuPVWum3L_paWBrAiu1Gw9iHLzN5cqdn4d7SBJAOS0ohb08LccY85To7dUgYFDGADnyG5UAu9ac9XHoBhhhKBRwgc3tBOcuMuNcDXglebD00PjK1CKqLXYJwMTI9mooi6XGo9j2nhpcg1UooxahYmU9p4j4VFjoFORymctqSVg",
    "regional_access_boundary": "0x7ffffffffffffffe",
    "regional_access_boundary_expiry": "2026-06-27T20:30:34Z",
    "token_expiry": "2026-06-27T15:25:22Z"
  },
  "sentinels": {
    "config_sentinel": "/home/jupyter/.config/gcloud/config_sentinel"
  }
}
2026-06-27 15:12:06,536 INFO     ___FILE_ONLY___ 

2026-06-27 15:12:06,546 DEBUG    root            SDK update checks are disabled.
