2026-07-26 15:37:58,860 DEBUG    root            Loaded Command Group: ['gcloud', 'auth']
2026-07-26 15:37:58,970 DEBUG    root            Loaded Command Group: ['gcloud', 'auth', 'login']
2026-07-26 15:37:58,974 DEBUG    root            Running [gcloud.auth.login] with arguments: []
2026-07-26 15:37:58,974 DEBUG    root            On GCE from disk cache: True
2026-07-26 15:38:23,913 DEBUG    root            On GCE from memory cache: True
2026-07-26 15:38:23,915 DEBUG    requests_oauthlib.oauth2_session Generated new state TzkciNOg06oRAUOLxMplI2G1pYyvTC.
2026-07-26 15:38:23,916 INFO     ___FILE_ONLY___ Go to the following link in your browser, and complete the sign-in prompts:

    https://accounts.google.com/o/oauth2/auth?response_type=code&client_id=32555940559.apps.googleusercontent.com&redirect_uri=https%3A%2F%2Fsdk.cloud.google.com%2Fauthcode.html&scope=openid+https%3A%2F%2Fwww.googleapis.com%2Fauth%2Fuserinfo.email+https%3A%2F%2Fwww.googleapis.com%2Fauth%2Fcloud-platform+https%3A%2F%2Fwww.googleapis.com%2Fauth%2Fappengine.admin+https%3A%2F%2Fwww.googleapis.com%2Fauth%2Fsqlservice.login+https%3A%2F%2Fwww.googleapis.com%2Fauth%2Fcompute+https%3A%2F%2Fwww.googleapis.com%2Fauth%2Faccounts.reauth&state=TzkciNOg06oRAUOLxMplI2G1pYyvTC&prompt=consent&token_usage=remote&access_type=offline&code_challenge=lRfTuW5Iv0QBGIAAlcQWJYIlyRF9h9tGbV_8BR65RHM&code_challenge_method=S256


2026-07-26 15:39:32,275 DEBUG    requests_oauthlib.oauth2_session Requesting url https://oauth2.googleapis.com/token using method POST.
2026-07-26 15:39:32,276 DEBUG    requests_oauthlib.oauth2_session Supplying headers {b'Accept': b'application/json', b'Content-Type': b'application/x-www-form-urlencoded;charset=UTF-8', b'user-agent': b'google-cloud-sdk gcloud/574.0.0 command/gcloud.auth.login invocation-id/6055fca7a2ce4d51bc5dbd7e68d4fc25 environment/GCE environment-version/None client-os/LINUX client-os-ver/6.1.0 client-pltf-arch/x86_64 interactive/True from-script/False python/3.14.5 term/xterm-256color  (Linux 6.1.0-50-cloud-amd64)'} and data {'grant_type': 'authorization_code', 'client_id': '32555940559.apps.googleusercontent.com', 'client_secret': 'ZmssLNjJy2998hD4CTg2ejr2', 'code': '4/0AXEQxICT6QQkUE0BbIJ2V7gybuKkV9Sgawuu0heBjP4uwrwGsMNrPynbbpadOXup1R84JA', 'redirect_uri': 'https://sdk.cloud.google.com/authcode.html', 'code_verifier': 'fGd30ouicm610iiy~CtfUys4q..8icR3MKE6Hv8t8T2jnrw9_8irgzc-f2wnGv3Ngja~~INIhgIqFNg6yZl-woWtH45dxEJWo8wLm~lIVEX-t8W8QypKDhcmMH2Pgi2I'}
2026-07-26 15:39:32,276 DEBUG    requests_oauthlib.oauth2_session Passing through key word arguments {'json': None, 'timeout': None, 'auth': None, 'verify': None, 'proxies': None}.
2026-07-26 15:39:32,277 DEBUG    urllib3.connectionpool Starting new HTTPS connection (1): oauth2.googleapis.com:443
2026-07-26 15:39:32,335 DEBUG    urllib3.connectionpool https://oauth2.googleapis.com:443 "POST /token HTTP/1.1" 200 None
2026-07-26 15:39:32,336 DEBUG    requests_oauthlib.oauth2_session Prepared fetch token request body grant_type=authorization_code&client_id=32555940559.apps.googleusercontent.com&client_secret=ZmssLNjJy2998hD4CTg2ejr2&code=4%2F0AXEQxICT6QQkUE0BbIJ2V7gybuKkV9Sgawuu0heBjP4uwrwGsMNrPynbbpadOXup1R84JA&redirect_uri=https%3A%2F%2Fsdk.cloud.google.com%2Fauthcode.html&code_verifier=fGd30ouicm610iiy~CtfUys4q..8icR3MKE6Hv8t8T2jnrw9_8irgzc-f2wnGv3Ngja~~INIhgIqFNg6yZl-woWtH45dxEJWo8wLm~lIVEX-t8W8QypKDhcmMH2Pgi2I
2026-07-26 15:39:32,336 DEBUG    requests_oauthlib.oauth2_session Request to fetch token completed with status 200.
2026-07-26 15:39:32,337 DEBUG    requests_oauthlib.oauth2_session Request headers were {'user-agent': b'google-cloud-sdk gcloud/574.0.0 command/gcloud.auth.login invocation-id/6055fca7a2ce4d51bc5dbd7e68d4fc25 environment/GCE environment-version/None client-os/LINUX client-os-ver/6.1.0 client-pltf-arch/x86_64 interactive/True from-script/False python/3.14.5 term/xterm-256color  (Linux 6.1.0-50-cloud-amd64)', 'Accept-Encoding': 'gzip, deflate, zstd', 'Accept': b'application/json', 'Connection': 'keep-alive', 'Content-Type': b'application/x-www-form-urlencoded;charset=UTF-8', 'Content-Length': '405'}
2026-07-26 15:39:32,337 DEBUG    requests_oauthlib.oauth2_session Request body was grant_type=authorization_code&client_id=32555940559.apps.googleusercontent.com&client_secret=ZmssLNjJy2998hD4CTg2ejr2&code=4%2F0AXEQxICT6QQkUE0BbIJ2V7gybuKkV9Sgawuu0heBjP4uwrwGsMNrPynbbpadOXup1R84JA&redirect_uri=https%3A%2F%2Fsdk.cloud.google.com%2Fauthcode.html&code_verifier=fGd30ouicm610iiy~CtfUys4q..8icR3MKE6Hv8t8T2jnrw9_8irgzc-f2wnGv3Ngja~~INIhgIqFNg6yZl-woWtH45dxEJWo8wLm~lIVEX-t8W8QypKDhcmMH2Pgi2I
2026-07-26 15:39:32,337 DEBUG    requests_oauthlib.oauth2_session Response headers were {'Pragma': 'no-cache', 'Expires': 'Mon, 01 Jan 1990 00:00:00 GMT', 'Date': 'Sun, 26 Jul 2026 15:39:32 GMT', 'Cache-Control': 'no-cache, no-store, max-age=0, must-revalidate', 'Content-Type': 'application/json; charset=utf-8', 'Vary': 'Origin, X-Origin, Referer', 'Content-Encoding': 'gzip', 'Server': 'scaffolding on HTTPServer2', 'X-XSS-Protection': '0', 'X-Frame-Options': 'SAMEORIGIN', 'X-Content-Type-Options': 'nosniff', 'Transfer-Encoding': 'chunked'} and content {
  "access_token": "ya29.a0ARGnu0bU2mIh8msEKC9MVOWLaT2SLH9MLTQtwQd3v_GMdM4FaRqhThbQ3k9ElJWcVc7sKi1tTBX0fsy1YILz9xc6f1Wrm3IzO2fIgEalPDmQYSj39PRgmVCefhK24WA8w4qRazL8TsOUz1mDXbTryes8_hrnTD9iVyo8j6gHveDlIBEJ2tZ2XXMOEwCy0__gqKKyGNvY-k23aCgYKAYISARASFQHGX2MiI8zGXqPLxtYDZd8lPgOhGA0211",
  "expires_in": 3599,
  "refresh_token": "1//04-DD3u8cPC4bCgYIARAAGAQSNwF-L9IrE_5k14AN77AHdxI2dFpCwk_LI8UEhKBGUuGSMa-YXPtRV1yWpvBz9-cw6NeeqChX1pY",
  "scope": "https://www.googleapis.com/auth/sqlservice.login https://www.googleapis.com/auth/appengine.admin https://www.googleapis.com/auth/userinfo.email openid https://www.googleapis.com/auth/cloud-platform https://www.googleapis.com/auth/compute https://www.googleapis.com/auth/accounts.reauth",
  "token_type": "Bearer",
  "id_token": "eyJhbGciOiJSUzI1NiIsImtpZCI6IjMwZmUwZTIzYzRkNmUzNmM1MjU3N2IxZTJmZWZkMWFiYzM4ODk1ZGUiLCJ0eXAiOiJKV1QifQ.eyJpc3MiOiJodHRwczovL2FjY291bnRzLmdvb2dsZS5jb20iLCJhenAiOiIzMjU1NTk0MDU1OS5hcHBzLmdvb2dsZXVzZXJjb250ZW50LmNvbSIsImF1ZCI6IjMyNTU1OTQwNTU5LmFwcHMuZ29vZ2xldXNlcmNvbnRlbnQuY29tIiwic3ViIjoiMTEzMDUyMTY2MDAxOTY1MDQwOTU5IiwiZW1haWwiOiJwcnV0aHZpaXRtQGdtYWlsLmNvbSIsImVtYWlsX3ZlcmlmaWVkIjp0cnVlLCJhdF9oYXNoIjoidUpDNG1JcjJ5SldrNm92NGs1Sk82QSIsImlhdCI6MTc4NTA4MDM3MiwiZXhwIjoxNzg1MDgzOTcyfQ.BDrgOxUgbnQspalUEr_EIkczIRs1nBSXFUbKggzHYa0c2bItax_SZAhZGT58OHuy7_tLG3yf3-Jhp3TRbg3ciEJYwoUWXmqsLWk2bjBfOzUAl64J93BaxrQPrkGLzgadw5_cOWUXM-JG9lTm7EX-6YsYIz0UcimYb9XpSdrLHuwbH3J_RYYsoJpZUQO9nDOSxEeX4jHGO8byqZZvlib7AlZ_m2yBVOpA4DMr-HvsuwYY7_uwnx54M1FRZsVT4daCa0b0UvktZsMb9EWssuum2X9n8w2pcSyB9AVDpK6by06Y2WjixsDcKzrMHHiZuQRBpU9h-6N2MhXgtfNYHkz_iA"
}.
2026-07-26 15:39:32,337 DEBUG    requests_oauthlib.oauth2_session Invoking 0 token response hooks.
2026-07-26 15:39:32,337 DEBUG    requests_oauthlib.oauth2_session Obtained token {'access_token': 'ya29.a0ARGnu0bU2mIh8msEKC9MVOWLaT2SLH9MLTQtwQd3v_GMdM4FaRqhThbQ3k9ElJWcVc7sKi1tTBX0fsy1YILz9xc6f1Wrm3IzO2fIgEalPDmQYSj39PRgmVCefhK24WA8w4qRazL8TsOUz1mDXbTryes8_hrnTD9iVyo8j6gHveDlIBEJ2tZ2XXMOEwCy0__gqKKyGNvY-k23aCgYKAYISARASFQHGX2MiI8zGXqPLxtYDZd8lPgOhGA0211', 'expires_in': 3599, 'refresh_token': '1//04-DD3u8cPC4bCgYIARAAGAQSNwF-L9IrE_5k14AN77AHdxI2dFpCwk_LI8UEhKBGUuGSMa-YXPtRV1yWpvBz9-cw6NeeqChX1pY', 'scope': ['https://www.googleapis.com/auth/sqlservice.login', 'https://www.googleapis.com/auth/appengine.admin', 'https://www.googleapis.com/auth/userinfo.email', 'openid', 'https://www.googleapis.com/auth/cloud-platform', 'https://www.googleapis.com/auth/compute', 'https://www.googleapis.com/auth/accounts.reauth'], 'token_type': 'Bearer', 'id_token': 'eyJhbGciOiJSUzI1NiIsImtpZCI6IjMwZmUwZTIzYzRkNmUzNmM1MjU3N2IxZTJmZWZkMWFiYzM4ODk1ZGUiLCJ0eXAiOiJKV1QifQ.eyJpc3MiOiJodHRwczovL2FjY291bnRzLmdvb2dsZS5jb20iLCJhenAiOiIzMjU1NTk0MDU1OS5hcHBzLmdvb2dsZXVzZXJjb250ZW50LmNvbSIsImF1ZCI6IjMyNTU1OTQwNTU5LmFwcHMuZ29vZ2xldXNlcmNvbnRlbnQuY29tIiwic3ViIjoiMTEzMDUyMTY2MDAxOTY1MDQwOTU5IiwiZW1haWwiOiJwcnV0aHZpaXRtQGdtYWlsLmNvbSIsImVtYWlsX3ZlcmlmaWVkIjp0cnVlLCJhdF9oYXNoIjoidUpDNG1JcjJ5SldrNm92NGs1Sk82QSIsImlhdCI6MTc4NTA4MDM3MiwiZXhwIjoxNzg1MDgzOTcyfQ.BDrgOxUgbnQspalUEr_EIkczIRs1nBSXFUbKggzHYa0c2bItax_SZAhZGT58OHuy7_tLG3yf3-Jhp3TRbg3ciEJYwoUWXmqsLWk2bjBfOzUAl64J93BaxrQPrkGLzgadw5_cOWUXM-JG9lTm7EX-6YsYIz0UcimYb9XpSdrLHuwbH3J_RYYsoJpZUQO9nDOSxEeX4jHGO8byqZZvlib7AlZ_m2yBVOpA4DMr-HvsuwYY7_uwnx54M1FRZsVT4daCa0b0UvktZsMb9EWssuum2X9n8w2pcSyB9AVDpK6by06Y2WjixsDcKzrMHHiZuQRBpU9h-6N2MhXgtfNYHkz_iA', 'expires_at': 1785083971.337552}.
2026-07-26 15:39:32,367 INFO     ___FILE_ONLY___ 
You are now logged in as [pruthviitm@gmail.com].
Your current project is [project-b38b370e-25fb-420a-a54].  You can change this setting by running:
  $ gcloud config set project PROJECT_ID

2026-07-26 15:39:32,369 DEBUG    root            Chosen display Format:none
2026-07-26 15:39:32,370 INFO     root            Display format: "none"
2026-07-26 15:39:32,398 DEBUG    root            SDK update checks are disabled.
