2026-07-26 15:34:43,235 DEBUG    root            Loaded Command Group: ['gcloud', 'config']
2026-07-26 15:34:43,262 DEBUG    root            Loaded Command Group: ['gcloud', 'config', 'config_helper']
2026-07-26 15:34:43,265 DEBUG    root            Running [gcloud.config.config-helper] with arguments: [--format: "json", --min-expiry: "1800"]
2026-07-26 15:34:43,269 DEBUG    root            On GCE from server: True
2026-07-26 15:34:43,281 DEBUG    root            On GCE from memory cache: True
2026-07-26 15:34:43,294 DEBUG    root            On GCE from memory cache: True
2026-07-26 15:34:43,305 DEBUG    urllib3.connectionpool Starting new HTTP connection (1): metadata.google.internal:80
2026-07-26 15:34:43,307 DEBUG    urllib3.connectionpool http://metadata.google.internal:80 "GET /computeMetadata/v1/instance/service-accounts/927061930480-compute@developer.gserviceaccount.com/?recursive=true HTTP/1.1" 200 155
2026-07-26 15:34:43,311 DEBUG    urllib3.connectionpool http://metadata.google.internal:80 "GET /computeMetadata/v1/instance/service-accounts/default/token?scopes=https%3A%2F%2Fwww.googleapis.com%2Fauth%2Fcloud-platform%2Chttps%3A%2F%2Fwww.googleapis.com%2Fauth%2Fuserinfo.email HTTP/1.1" 200 871
2026-07-26 15:34:43,344 DEBUG    root            On GCE from memory cache: True
2026-07-26 15:34:43,348 DEBUG    root            On GCE from memory cache: True
2026-07-26 15:34:43,351 DEBUG    urllib3.connectionpool Starting new HTTP connection (1): metadata.google.internal:80
2026-07-26 15:34:43,353 DEBUG    urllib3.connectionpool http://metadata.google.internal:80 "GET /computeMetadata/v1/instance/service-accounts/927061930480-compute@developer.gserviceaccount.com/?recursive=true HTTP/1.1" 200 155
2026-07-26 15:34:43,355 DEBUG    urllib3.connectionpool http://metadata.google.internal:80 "GET /computeMetadata/v1/instance/service-accounts/default/token?scopes=https%3A%2F%2Fwww.googleapis.com%2Fauth%2Fcloud-platform%2Chttps%3A%2F%2Fwww.googleapis.com%2Fauth%2Fuserinfo.email HTTP/1.1" 200 871
2026-07-26 15:34:43,379 DEBUG    root            On GCE from memory cache: True
2026-07-26 15:34:43,433 DEBUG    root            Chosen display Format:default json
2026-07-26 15:34:43,434 INFO     root            Display format: "default json"
2026-07-26 15:34:43,491 INFO     ___FILE_ONLY___ {
  "configuration": {
    "active_configuration": "default",
    "properties": {
      "compute": {
        "region": "us-central1"
      },
      "core": {
        "account": "927061930480-compute@developer.gserviceaccount.com",
        "disable_usage_reporting": "True",
        "project": "project-b38b370e-25fb-420a-a54",
        "universe_domain": "googleapis.com"
      },
      "dataproc": {
        "region": "us-central1"
      }
    }
  },
  "credential": {
    "access_token": "ya29.c.c0AZ4bNpa0alFtOfdUBqmgAI2iIPTOf-OgmekdL0F4dzPEQCRfs7ggyzBVRvNg72E_6A425ngemoA-LDMKRkDwmfXLadAauEa_RjXUKFq5OnWL655BEbpdWAbvjTXLfbtTdiltAMtMyAxT2DlvVKmDyCwycY4GSM7DwO0MbHbD1x_kcdAWH7uAezWFsz_9nLvrM5P8rm_KIl8UHYKZ0WnMxT3vLiORGvvRvVqY0VUvSgf1r2YsBd_p1quapjyR3a6FlYdXLj5ftPD-GceRoPhGV4xsTbupoJNImEuzljygbZ-DQnX4PiPUxh31EG46uEF4Vg74HsL6wk_ytl4oXYfMseOvoLcvlqpwHg0jreY7rianeA-s4lLuShJlqmO0C8YyptgPwuX-Q7W3X6afYrxJY60H416PjdlaIRrF0B0_nmoRR-sU0Fkkd1jc103dUfY0gd68SS4rImycQJxsfz9MIsBgg--I3hqpoW10YRRswBkmvcx3h5v4M54vB_X0ga29o4fttOosacXB-M0aOnMVUpdh05OS1W0ItbWkfyYWUgkqYrFXil-41urcU-0qooxkxpkB8jFQdo5Y_BFVhVOjt6Z6ZVuOcovxzicQgbWfpFUFZ4zxXgvFOyhIWke54juztW_sozU5IxQ8z8pxVXWjeitSUMMXdY0YoBo1ywxBV5thulo4M75a70sRjRXUO6XhSsWXJt_3ceg263l1t8bQmkV08V7rXkcqhui4ff8RgbIBQRVU3fVJgUgYOR-Xu70S3gUqk6i23RV4WeQjlmdrl9iBaVbyam7z6zXY55g-SYrzpcyJ5xli1ne-0gfnFvsma-39igk5vF0nXmYl9a5c1YQx2kZv7ffe-Jol9USIwgcksXaMVwXoSoS1miiO5xiQstrBzmwbji_xBt6Z8tMfVg_Bt93jRU7I1JuU8e9e134p7RWMoMS0zWcOeVmnjRQtx-cWB4QajkkJgy7Rd8tRhWFVR4uR7BrzQuzguZ61rpcWsyJSFXj4a65",
    "id_token": "eyJhbGciOiJSUzI1NiIsImtpZCI6IjMwZmUwZTIzYzRkNmUzNmM1MjU3N2IxZTJmZWZkMWFiYzM4ODk1ZGUiLCJ0eXAiOiJKV1QifQ.eyJhdWQiOiIzMjU1NTk0MDU1OS5hcHBzLmdvb2dsZXVzZXJjb250ZW50LmNvbSIsImF6cCI6IjEwNzMzNDUzMTg1MDI0NTgxOTY4MiIsImV4cCI6MTc4NTA4MzY4MywiaWF0IjoxNzg1MDgwMDgzLCJpc3MiOiJodHRwczovL2FjY291bnRzLmdvb2dsZS5jb20iLCJzdWIiOiIxMDczMzQ1MzE4NTAyNDU4MTk2ODIifQ.rgSA-Y-nVCWnCesoQw1rTp2X273JfxPabgtubnTeb1kPyTXlFM1iJaSEJL05olV2RyOnrTqDBbHILDiqcPSnVx6wnemEDt0H-X_pMRAIXCmluDX0unXwegAByEM6sWeGPA1PIgUX2X6ZwbJZ2ZAG9QLWLZgbY7iOJSz5emY6ilocyYBctHMZ6dsa5xQHv4hxuRdsRs8j299gslDlJYf2-NwkHAaV4Ue2vY2npLqVwKP2X2ygLoSaiEZj2BHzvkrOOsmZwtSZO80JhgBieMLFIvx04jHeLNNt7pe7MiXzsleg2yEdyyxTTtPXSekJr2rMd0mL8QVL8liHR8-ERFIv6A",
    "regional_access_boundary": "0x7ffffffffffffffe",
    "regional_access_boundary_expiry": "2026-07-26T19:15:04Z",
    "token_expiry": "2026-07-26T15:57:31Z"
  },
  "sentinels": {
    "config_sentinel": "/home/jupyter/.config/gcloud/config_sentinel"
  }
}
2026-07-26 15:34:43,491 INFO     ___FILE_ONLY___ 

2026-07-26 15:34:43,501 DEBUG    root            SDK update checks are disabled.
