2026-07-26 15:42:18,133 DEBUG    root            Loaded Command Group: ['gcloud', 'components']
2026-07-26 15:42:18,300 DEBUG    root            Loaded Command Group: ['gcloud', 'components', 'install']
2026-07-26 15:42:18,303 DEBUG    root            Running [gcloud.components.install] with arguments: [COMPONENT-IDS:1: "['gke-gcloud-auth-plugin']"]
2026-07-26 15:42:18,304 DEBUG    root            On GCE from disk cache: True
2026-07-26 15:42:18,345 DEBUG    root            (gcloud.components.install) 
You cannot perform this action because the Google Cloud CLI component manager 
is disabled for this installation. You can run the following command 
to achieve the same result for this installation: 

sudo apt-get install google-cloud-cli-gke-gcloud-auth-plugin

Traceback (most recent call last):
  File "/usr/bin/../lib/google-cloud-sdk/lib/googlecloudsdk/calliope/cli.py", line 941, in Execute
    resources = calliope_command.Run(cli=self, args=args)
  File "/usr/bin/../lib/google-cloud-sdk/lib/googlecloudsdk/calliope/backend.py", line 968, in Run
    resources = command_instance.Run(args)
  File "/usr/bin/../lib/google-cloud-sdk/lib/surface/components/install.py", line 82, in Run
    update_manager.Install(args.component_ids)
    ~~~~~~~~~~~~~~~~~~~~~~^^^^^^^^^^^^^^^^^^^^
  File "/usr/bin/../lib/google-cloud-sdk/lib/googlecloudsdk/core/updater/update_manager.py", line 955, in Install
    return self.Update(
           ~~~~~~~~~~~^
        components,
        ^^^^^^^^^^^
        throw_if_unattended=throw_if_unattended,
        ^^^^^^^^^^^^^^^^^^^^^^^^^^^^^^^^^^^^^^^^
        version=version,
        ^^^^^^^^^^^^^^^^
        restart_args=restart_args)
        ^^^^^^^^^^^^^^^^^^^^^^^^^^
  File "/usr/bin/../lib/google-cloud-sdk/lib/googlecloudsdk/core/updater/update_manager.py", line 986, in Update
    self._CheckIfDisabledAndThrowError(
    ~~~~~~~~~~~~~~~~~~~~~~~~~~~~~~~~~~^
        components=update_seed, command='update')
        ^^^^^^^^^^^^^^^^^^^^^^^^^^^^^^^^^^^^^^^^^
  File "/usr/bin/../lib/google-cloud-sdk/lib/googlecloudsdk/core/updater/update_manager.py", line 603, in _CheckIfDisabledAndThrowError
    raise UpdaterDisabledError(mapping_message)
googlecloudsdk.core.updater.update_manager.UpdaterDisabledError: 
You cannot perform this action because the Google Cloud CLI component manager 
is disabled for this installation. You can run the following command 
to achieve the same result for this installation: 

sudo apt-get install google-cloud-cli-gke-gcloud-auth-plugin


2026-07-26 15:42:18,436 ERROR    root            (gcloud.components.install) 
You cannot perform this action because the Google Cloud CLI component manager 
is disabled for this installation. You can run the following command 
to achieve the same result for this installation: 

sudo apt-get install google-cloud-cli-gke-gcloud-auth-plugin


