2026-07-26 15:54:48,850 DEBUG    root            Loaded Command Group: ['gcloud', 'config']
2026-07-26 15:54:48,874 DEBUG    root            Loaded Command Group: ['gcloud', 'config', 'config_helper']
2026-07-26 15:54:48,877 DEBUG    root            Running [gcloud.config.config-helper] with arguments: [--format: "json", --min-expiry: "1800"]
2026-07-26 15:54:48,884 DEBUG    root            On GCE from server: True
2026-07-26 15:54:48,897 DEBUG    root            On GCE from memory cache: True
2026-07-26 15:54:48,951 DEBUG    root            Chosen display Format:default json
2026-07-26 15:54:48,951 INFO     root            Display format: "default json"
2026-07-26 15:54:49,003 INFO     ___FILE_ONLY___ {
  "configuration": {
    "active_configuration": "default",
    "properties": {
      "compute": {
        "region": "us-central1"
      },
      "core": {
        "account": "pruthviitm@gmail.com",
        "disable_usage_reporting": "True",
        "project": "project-b38b370e-25fb-420a-a54",
        "universe_domain": "googleapis.com"
      },
      "dataproc": {
        "region": "us-central1"
      }
    }
  },
  "credential": {
    "access_token": "ya29.a0ARGnu0bU2mIh8msEKC9MVOWLaT2SLH9MLTQtwQd3v_GMdM4FaRqhThbQ3k9ElJWcVc7sKi1tTBX0fsy1YILz9xc6f1Wrm3IzO2fIgEalPDmQYSj39PRgmVCefhK24WA8w4qRazL8TsOUz1mDXbTryes8_hrnTD9iVyo8j6gHveDlIBEJ2tZ2XXMOEwCy0__gqKKyGNvY-k23aCgYKAYISARASFQHGX2MiI8zGXqPLxtYDZd8lPgOhGA0211",
    "id_token": "eyJhbGciOiJSUzI1NiIsImtpZCI6IjMwZmUwZTIzYzRkNmUzNmM1MjU3N2IxZTJmZWZkMWFiYzM4ODk1ZGUiLCJ0eXAiOiJKV1QifQ.eyJpc3MiOiJodHRwczovL2FjY291bnRzLmdvb2dsZS5jb20iLCJhenAiOiIzMjU1NTk0MDU1OS5hcHBzLmdvb2dsZXVzZXJjb250ZW50LmNvbSIsImF1ZCI6IjMyNTU1OTQwNTU5LmFwcHMuZ29vZ2xldXNlcmNvbnRlbnQuY29tIiwic3ViIjoiMTEzMDUyMTY2MDAxOTY1MDQwOTU5IiwiZW1haWwiOiJwcnV0aHZpaXRtQGdtYWlsLmNvbSIsImVtYWlsX3ZlcmlmaWVkIjp0cnVlLCJhdF9oYXNoIjoidUpDNG1JcjJ5SldrNm92NGs1Sk82QSIsImlhdCI6MTc4NTA4MDM3MiwiZXhwIjoxNzg1MDgzOTcyfQ.BDrgOxUgbnQspalUEr_EIkczIRs1nBSXFUbKggzHYa0c2bItax_SZAhZGT58OHuy7_tLG3yf3-Jhp3TRbg3ciEJYwoUWXmqsLWk2bjBfOzUAl64J93BaxrQPrkGLzgadw5_cOWUXM-JG9lTm7EX-6YsYIz0UcimYb9XpSdrLHuwbH3J_RYYsoJpZUQO9nDOSxEeX4jHGO8byqZZvlib7AlZ_m2yBVOpA4DMr-HvsuwYY7_uwnx54M1FRZsVT4daCa0b0UvktZsMb9EWssuum2X9n8w2pcSyB9AVDpK6by06Y2WjixsDcKzrMHHiZuQRBpU9h-6N2MhXgtfNYHkz_iA",
    "regional_access_boundary": null,
    "regional_access_boundary_expiry": null,
    "token_expiry": "2026-07-26T16:39:31Z"
  },
  "sentinels": {
    "config_sentinel": "/home/jupyter/.config/gcloud/config_sentinel"
  }
}
2026-07-26 15:54:49,003 INFO     ___FILE_ONLY___ 

2026-07-26 15:54:49,012 DEBUG    root            SDK update checks are disabled.
