2026-07-11 03:55:06,013 DEBUG    root            Loaded Command Group: ['gcloud', 'config']
2026-07-11 03:55:06,516 DEBUG    root            Loaded Command Group: ['gcloud', 'config', 'config_helper']
2026-07-11 03:55:06,519 DEBUG    root            Running [gcloud.config.config-helper] with arguments: [--format: "json", --min-expiry: "1800"]
2026-07-11 03:55:06,520 DEBUG    root            On GCE from disk cache: True
2026-07-11 03:55:06,666 DEBUG    root            On GCE from memory cache: True
2026-07-11 03:55:06,716 DEBUG    root            On GCE from memory cache: True
2026-07-11 03:55:06,762 DEBUG    urllib3.connectionpool Starting new HTTP connection (1): metadata.google.internal:80
2026-07-11 03:55:06,764 DEBUG    urllib3.connectionpool http://metadata.google.internal:80 "GET /computeMetadata/v1/instance/service-accounts/927061930480-compute@developer.gserviceaccount.com/?recursive=true HTTP/1.1" 200 155
2026-07-11 03:55:06,767 DEBUG    urllib3.connectionpool http://metadata.google.internal:80 "GET /computeMetadata/v1/instance/service-accounts/default/token?scopes=https%3A%2F%2Fwww.googleapis.com%2Fauth%2Fcloud-platform%2Chttps%3A%2F%2Fwww.googleapis.com%2Fauth%2Fuserinfo.email HTTP/1.1" 200 870
2026-07-11 03:55:06,775 DEBUG    root            On GCE from memory cache: True
2026-07-11 03:55:06,776 DEBUG    urllib3.connectionpool Starting new HTTPS connection (1): iamcredentials.googleapis.com:443
2026-07-11 03:55:06,874 DEBUG    urllib3.connectionpool https://iamcredentials.googleapis.com:443 "GET /v1/projects/-/serviceAccounts/927061930480-compute@developer.gserviceaccount.com/allowedLocations HTTP/1.1" 200 None
2026-07-11 03:55:06,900 DEBUG    root            Chosen display Format:default json
2026-07-11 03:55:06,900 INFO     root            Display format: "default json"
2026-07-11 03:55:06,948 INFO     ___FILE_ONLY___ {
  "configuration": {
    "active_configuration": "default",
    "properties": {
      "compute": {
        "region": "us-central1"
      },
      "core": {
        "account": "927061930480-compute@developer.gserviceaccount.com",
        "disable_usage_reporting": "True",
        "project": "project-b38b370e-25fb-420a-a54",
        "universe_domain": "googleapis.com"
      },
      "dataproc": {
        "region": "us-central1"
      }
    }
  },
  "credential": {
    "access_token": "ya29.c.c0AZ4bNpaeeuFQvmajwmCdT4gMMzetndfKrH-sU_x57ebqgThxFw4kJlaJYW8wBSIaYVdlM7CfxehAcgo3fq0q5iP-Uw6aDpUTq9ZiRAskhB8cTrBkHAa5zbqLEOcUPz3LJMdfDvg2rSFZH64N1oiR2UaQtkPZPM3O5BcDgOs4fZzmChWCcbR-TQQ3lzy6uko9txKa4joPM71TPxGNQc6DkOodnrEPJ6ExLYh6rFvU9t9zOPX7xQK8AZpLGW9kacgYn3fZ7PoiHZmKgjBfcIHTZwmtIbrwdygvEgcLH2yyXkeoL3rL14AUG05Ghl2qfb0frtDv756kD5t_xR0DX3FUsN0NQ0F0H5hue-hqBP9kDCFFl-Eybd8Y2XXC6oI79SIoFu_q2DFOYtN0ZhVuKmkVc-YE416Cfe_V4cUl2sr8rVzrJ1kIpYcgi5h4mq-V0619J3FqbF6m5pngijWjWjhcO173haqldFv8uX7k1R696QppS0y27dU1_OoX2mZdYFazexM28FfQarvj_uYnQvU3ob70FJ35dh4worshcr8fZudYIhmuVsiOz3kxn3jU5w6dZ2jdoxdifR7pMy7MsJki8Vl2m_Yqvrb_sw4omM9i7e28hVyi8ghrqwf_98Wco203R6tOWrZSIY0dOgmhlyS33tR3cRsF_l_s-yiBj3p0g6onV3ir9e1x_dzh9h4F9VOwxvVzJ5tchffthJy-ack-egO4f83Rd4j4toc_q2O4Ymnvn0BtqmY-dO7SIagapFJWe3fc06xe0_f_7wt28SsUh2RynBlthpr-_0UIqB5MsiqIahwipasou24M8sp7rplinq_I57u60fwg66_OQ2aF5UpXlkpfq2yRf4iV3bR8wU9eJ4RzJqiIyvOSRrfy8_VSJWSl3hig6MajdkJUQisQpwt7XVW-rq-l7X5xkp-3OsnW8iq-jwy3I26xJZvdcUke_cpoaJyyRX0RXzi7Q40szS2v92nl6ZS19b1t2pj5Urjh2hkhiz3uy09",
    "id_token": "eyJhbGciOiJSUzI1NiIsImtpZCI6ImJjOGY3YWY1OGRiNDRjZjZlYWEyZWQxMGVjODBmMzQwOGNmZGU0NjUiLCJ0eXAiOiJKV1QifQ.eyJhdWQiOiIzMjU1NTk0MDU1OS5hcHBzLmdvb2dsZXVzZXJjb250ZW50LmNvbSIsImF6cCI6IjEwNzMzNDUzMTg1MDI0NTgxOTY4MiIsImV4cCI6MTc4Mzc0NTcwNiwiaWF0IjoxNzgzNzQyMTA2LCJpc3MiOiJodHRwczovL2FjY291bnRzLmdvb2dsZS5jb20iLCJzdWIiOiIxMDczMzQ1MzE4NTAyNDU4MTk2ODIifQ.CZwTp5atoak2-rHnD_DNH4QGMO6U_dUNns7uhA9fjrsz1WOEpJ9iVApo51RKUZjxhHVtUolP5pqPpknPmQVFe_lbjyItOOLRJIaM1qmu5iW-jvX79-yfDBDIoeVYml4izUgOM17AHYG0uoGIpgblUguqjVfrlmtqrL0oFp9RZgn0Neo-h0sZBpVoB12R95qQc5MiZjrjNT4WFBxUZkVeUOPKG7eNZjpuBHqRFBGHUpOzdWnkO2-War94EqFJ5S6fm5enRGLw1K2-vbP0Atq7MULgSlPnR346PG5raMN8TIKMOJhslARgX_fVOYPqewXxszux6pGQHx-SBJ4Bk7XdBg",
    "regional_access_boundary": "0x7ffffffffffffffe",
    "regional_access_boundary_expiry": "2026-07-11T09:55:06Z",
    "token_expiry": "2026-07-11T04:49:15Z"
  },
  "sentinels": {
    "config_sentinel": "/home/jupyter/.config/gcloud/config_sentinel"
  }
}
2026-07-11 03:55:06,948 INFO     ___FILE_ONLY___ 

2026-07-11 03:55:06,957 DEBUG    root            SDK update checks are disabled.
