2026-07-11 19:28:46,480 DEBUG    root            Loaded Command Group: ['gcloud', 'config']
2026-07-11 19:28:46,891 DEBUG    root            Loaded Command Group: ['gcloud', 'config', 'config_helper']
2026-07-11 19:28:46,895 DEBUG    root            Running [gcloud.config.config-helper] with arguments: [--format: "json", --min-expiry: "1800"]
2026-07-11 19:28:46,896 DEBUG    root            On GCE from disk cache: True
2026-07-11 19:28:47,094 DEBUG    root            On GCE from memory cache: True
2026-07-11 19:28:47,197 DEBUG    root            On GCE from memory cache: True
2026-07-11 19:28:47,243 DEBUG    urllib3.connectionpool Starting new HTTP connection (1): metadata.google.internal:80
2026-07-11 19:28:47,327 DEBUG    urllib3.connectionpool http://metadata.google.internal:80 "GET /computeMetadata/v1/instance/service-accounts/927061930480-compute@developer.gserviceaccount.com/?recursive=true HTTP/1.1" 200 155
2026-07-11 19:28:47,331 DEBUG    urllib3.connectionpool http://metadata.google.internal:80 "GET /computeMetadata/v1/instance/service-accounts/default/token?scopes=https%3A%2F%2Fwww.googleapis.com%2Fauth%2Fcloud-platform%2Chttps%3A%2F%2Fwww.googleapis.com%2Fauth%2Fuserinfo.email HTTP/1.1" 200 870
2026-07-11 19:28:47,344 DEBUG    root            On GCE from memory cache: True
2026-07-11 19:28:47,346 DEBUG    urllib3.connectionpool Starting new HTTPS connection (1): iamcredentials.googleapis.com:443
2026-07-11 19:28:47,470 DEBUG    urllib3.connectionpool https://iamcredentials.googleapis.com:443 "GET /v1/projects/-/serviceAccounts/927061930480-compute@developer.gserviceaccount.com/allowedLocations HTTP/1.1" 200 None
2026-07-11 19:28:47,513 DEBUG    root            Chosen display Format:default json
2026-07-11 19:28:47,513 INFO     root            Display format: "default json"
2026-07-11 19:28:47,568 INFO     ___FILE_ONLY___ {
  "configuration": {
    "active_configuration": "default",
    "properties": {
      "compute": {
        "region": "us-central1"
      },
      "core": {
        "account": "927061930480-compute@developer.gserviceaccount.com",
        "disable_usage_reporting": "True",
        "project": "project-b38b370e-25fb-420a-a54",
        "universe_domain": "googleapis.com"
      },
      "dataproc": {
        "region": "us-central1"
      }
    }
  },
  "credential": {
    "access_token": "ya29.c.c0AZ4bNpYxeEh0Rmwnl-dwmXgTLbDh4zQhrHFlk3AJ4zN5qDd-rFD6tkfpA_TQYV1_HFWgbC78Fi03a_vQT2EJTPHNKheDMHp8m81P9PI7vLk3nRF1BYiPDn2jxXmxLCBUYhMkXsLUbw3JLOTw9i0NsCIC6DIlCXwlG0eiJKqhngA-NJKDF9oSEznQ7dEP0Mq6UZlxGICBv6_VflIVZV06Noorit9on2EY40kv3zImC6acwklqKlly63vI1xXCmAJvkoiDCMxNWDMdexT6PGQRvoPo-oWDGe79NvfpH8cuufhyYYeppb8hPXm31CJibQKIydWTszVWhqCs5B5Nsx5RtB7J8nQGgrKfHNPt34cSPUZu6EfnoZcWCMN_h0gjOob7O8qm_Pj5SBzSBdk5oMBbD-YL416CcF59s2aF1vsrfFevW591Ueks_-ls8iSRkrir22ZxjywSlSk9s5bwyJ5gn08xiVdvc9gr1bBmbVIOo8SIpW4r-OqVJhVp2makfS4-V_8--Y8r69437rmt4bzzrpFkyeRrorvj8fsv3V--Rie4my9tkesgzQ3wJurB4mIXJvaasoyhQXy3wUJa5_pXiO6Sa2XJJIq38edqMSo40J9FhuIIiIrg4c2cSRJJcv2ev-f9-4nsOrltedYBBcwg91nUydYJ51yQgs_IxylX9nIXX5YRJb_3x6I97W1gob_iljln6fZlnv9wwOe9yfgWffimJnOe-lkkafQnz8-FwOYOMvlaUFfx6ddxx7X7Q_FwvruQ-S61w9qZ-FV2pQu34B8SVpzjqWexg6gQeI_ZQOvbyYv8dm3VJQ4MfjhYrYXB5Wqkgx4jaF94IOOzXlUnR_tZmZggSzuv9Zqd5ySkfx7zgObgxUs-w-39w95I756_Qspr2jxJda9bQ_itqstBZ-b5v7fphwmgQIUWkXQn8jrSQ1p1pg6Y2ySy0IQvoolXFjS_ZXsIb392ynBMQaO8mehV0qbMa9IRtsykQzt-B-Wi0Uh9XjbzjzW",
    "id_token": "eyJhbGciOiJSUzI1NiIsImtpZCI6ImJjOGY3YWY1OGRiNDRjZjZlYWEyZWQxMGVjODBmMzQwOGNmZGU0NjUiLCJ0eXAiOiJKV1QifQ.eyJhdWQiOiIzMjU1NTk0MDU1OS5hcHBzLmdvb2dsZXVzZXJjb250ZW50LmNvbSIsImF6cCI6IjEwNzMzNDUzMTg1MDI0NTgxOTY4MiIsImV4cCI6MTc4MzgwMTcyNywiaWF0IjoxNzgzNzk4MTI3LCJpc3MiOiJodHRwczovL2FjY291bnRzLmdvb2dsZS5jb20iLCJzdWIiOiIxMDczMzQ1MzE4NTAyNDU4MTk2ODIifQ.EY51hNayd-oMi5r1VYdJc34hRvKYyugIOerJ-D497kws7j4sSk4OHjMO_MOPGWq2njWrwbt1gHfWRJl6mjmETy79n9T3FWOvBibvEmL9rb8bu8j-vf3p8Hrqll9ojboGwGc41ZY39Yor6-vBsdhtvLIK0a7Oo8W7zbj7UAC6Y19UfH7x1fdsFf226-iH7cLQSTFeo1bij_pfyzYpS_oLHGuwpUrTWjdnhLBMTJpCCb2q_lZkRjyVkxy4NZNk2ApjvROimXLHROhpWg8ZurDeV5nW1spYevhAkDscVrGYBihcY_wnMAAz88RR68Ddub_qEt0swri-hxGVPsLXkOW-1w",
    "regional_access_boundary": "0x7ffffffffffffffe",
    "regional_access_boundary_expiry": "2026-07-12T01:28:47Z",
    "token_expiry": "2026-07-11T20:27:06Z"
  },
  "sentinels": {
    "config_sentinel": "/home/jupyter/.config/gcloud/config_sentinel"
  }
}
2026-07-11 19:28:47,568 INFO     ___FILE_ONLY___ 

2026-07-11 19:28:47,578 DEBUG    root            SDK update checks are disabled.
