2026-07-11 20:21:18,244 DEBUG    root            Loaded Command Group: ['gcloud', 'auth']
2026-07-11 20:21:18,266 DEBUG    root            Loaded Command Group: ['gcloud', 'auth', 'list']
2026-07-11 20:21:18,270 DEBUG    root            Running [gcloud.auth.list] with arguments: []
2026-07-11 20:21:18,272 DEBUG    root            On GCE from disk cache: True
2026-07-11 20:21:18,282 DEBUG    root            Chosen display Format:    table[title='Credentialed Accounts'](
        status.yesno(yes='*', no=''):label=ACTIVE,
        account
    )
2026-07-11 20:21:18,284 INFO     root            Display format: "    table[title='Credentialed Accounts'](
        status.yesno(yes='*', no=''):label=ACTIVE,
        account
    )"
2026-07-11 20:21:18,337 INFO     ___FILE_ONLY___                   Credentialed Accounts
2026-07-11 20:21:18,337 INFO     ___FILE_ONLY___ 

2026-07-11 20:21:18,337 INFO     ___FILE_ONLY___ ACTIVE
2026-07-11 20:21:18,337 INFO     ___FILE_ONLY___   
2026-07-11 20:21:18,338 INFO     ___FILE_ONLY___ ACCOUNT
2026-07-11 20:21:18,338 INFO     ___FILE_ONLY___ 

2026-07-11 20:21:18,338 INFO     ___FILE_ONLY___ *
2026-07-11 20:21:18,338 INFO     ___FILE_ONLY___        
2026-07-11 20:21:18,338 INFO     ___FILE_ONLY___ 927061930480-compute@developer.gserviceaccount.com
2026-07-11 20:21:18,338 INFO     ___FILE_ONLY___ 

2026-07-11 20:21:18,338 INFO     ___FILE_ONLY___ 
To set the active account, run:
    $ gcloud config set account `ACCOUNT`


2026-07-11 20:21:18,349 DEBUG    root            SDK update checks are disabled.
2026-07-11 20:21:18,351 INFO     ___FILE_ONLY___ 

To take a quick anonymous survey, run:
  $ gcloud survey


