2026-07-11 20:45:33,838 DEBUG    root            Loaded Command Group: ['gcloud', 'services']
2026-07-11 20:45:33,892 DEBUG    root            Loaded Command Group: ['gcloud', 'services', 'enable']
2026-07-11 20:45:33,895 DEBUG    root            Running [gcloud.services.enable] with arguments: [--project: "project-b38b370e-25fb-420a-a54", SERVICE:2: "['iamcredentials.googleapis.com', 'sts.googleapis.com']"]
2026-07-11 20:45:33,898 DEBUG    root            On GCE from disk cache: True
2026-07-11 20:45:33,899 DEBUG    root            On GCE from memory cache: True
2026-07-11 20:45:34,104 DEBUG    urllib3.connectionpool Starting new HTTPS connection (1): serviceusage.googleapis.com:443
2026-07-11 20:45:34,312 DEBUG    urllib3.connectionpool https://serviceusage.googleapis.com:443 "POST /v1/projects/project-b38b370e-25fb-420a-a54/services:batchEnable?alt=json HTTP/1.1" 403 None
2026-07-11 20:45:34,318 DEBUG    root            Chosen display Format:default
2026-07-11 20:45:34,600 DEBUG    root            Chosen display Format:default
2026-07-11 20:45:34,380 DEBUG    root            (gcloud.services.enable) [927061930480-compute@developer.gserviceaccount.com] does not have permission to access projects instance [project-b38b370e-25fb-420a-a54] (or it may not exist): Permission denied to enable service [iamcredentials.googleapis.com]
Permission denied to enable service [sts.googleapis.com]
Help Token: AfYMUri3Vmm8YSUipk3ca6xGTFpqEg7Cen-W92xP_ia_qj_zsYDFAcF2XkgG0hheu8MIy2Jx64_f4iRFSyr87yucVOvlmNgG5qdEcp9mnekPqOwO. This command is authenticated as 927061930480-compute@developer.gserviceaccount.com which is the active account specified by the [core/account] property
- '@type': type.googleapis.com/google.rpc.PreconditionFailure
  violations:
  - subject: '110002'
    type: googleapis.com
- '@type': type.googleapis.com/google.rpc.ErrorInfo
  domain: serviceusage.googleapis.com
  reason: AUTH_PERMISSION_DENIED
Traceback (most recent call last):
  File "/usr/bin/../lib/google-cloud-sdk/lib/googlecloudsdk/api_lib/services/serviceusage.py", line 1504, in BatchEnableApiCall
    return client.services.BatchEnable(request)
           ~~~~~~~~~~~~~~~~~~~~~~~~~~~^^^^^^^^^
  File "/usr/bin/../lib/google-cloud-sdk/lib/googlecloudsdk/generated_clients/apis/serviceusage/v1/serviceusage_v1_client.py", line 181, in BatchEnable
    return self._RunMethod(
           ~~~~~~~~~~~~~~~^
        config, request, global_params=global_params)
        ^^^^^^^^^^^^^^^^^^^^^^^^^^^^^^^^^^^^^^^^^^^^^
  File "/usr/bin/../lib/google-cloud-sdk/lib/third_party/apitools/base/py/base_api.py", line 747, in _RunMethod
    return self.ProcessHttpResponse(method_config, http_response, request)
           ~~~~~~~~~~~~~~~~~~~~~~~~^^^^^^^^^^^^^^^^^^^^^^^^^^^^^^^^^^^^^^^
  File "/usr/bin/../lib/google-cloud-sdk/lib/third_party/apitools/base/py/base_api.py", line 753, in ProcessHttpResponse
    self.__ProcessHttpResponse(method_config, http_response, request))
    ~~~~~~~~~~~~~~~~~~~~~~~~~~^^^^^^^^^^^^^^^^^^^^^^^^^^^^^^^^^^^^^^^
  File "/usr/bin/../lib/google-cloud-sdk/lib/third_party/apitools/base/py/base_api.py", line 612, in __ProcessHttpResponse
    raise exceptions.HttpError.FromResponse(
        http_response, method_config=method_config, request=request)
apitools.base.py.exceptions.HttpForbiddenError: HttpError accessing <https://serviceusage.googleapis.com/v1/projects/project-b38b370e-25fb-420a-a54/services:batchEnable?alt=json>: response: <{'vary': 'Origin, X-Origin, Referer', 'content-type': 'application/json; charset=UTF-8', 'content-encoding': 'gzip', 'date': 'Sat, 11 Jul 2026 20:45:34 GMT', 'server': 'ESF', 'x-xss-protection': '0', 'x-frame-options': 'SAMEORIGIN', 'x-content-type-options': 'nosniff', 'transfer-encoding': 'chunked', 'status': 403}>, content <{
  "error": {
    "code": 403,
    "message": "Permission denied to enable service [iamcredentials.googleapis.com]\nPermission denied to enable service [sts.googleapis.com]\nHelp Token: AfYMUri3Vmm8YSUipk3ca6xGTFpqEg7Cen-W92xP_ia_qj_zsYDFAcF2XkgG0hheu8MIy2Jx64_f4iRFSyr87yucVOvlmNgG5qdEcp9mnekPqOwO",
    "status": "PERMISSION_DENIED",
    "details": [
      {
        "@type": "type.googleapis.com/google.rpc.PreconditionFailure",
        "violations": [
          {
            "type": "googleapis.com",
            "subject": "110002"
          }
        ]
      },
      {
        "@type": "type.googleapis.com/google.rpc.ErrorInfo",
        "reason": "AUTH_PERMISSION_DENIED",
        "domain": "serviceusage.googleapis.com"
      }
    ]
  }
}
>

During handling of the above exception, another exception occurred:

Traceback (most recent call last):
  File "/usr/bin/../lib/google-cloud-sdk/lib/googlecloudsdk/calliope/cli.py", line 941, in Execute
    resources = calliope_command.Run(cli=self, args=args)
  File "/usr/bin/../lib/google-cloud-sdk/lib/googlecloudsdk/calliope/backend.py", line 968, in Run
    resources = command_instance.Run(args)
  File "/usr/bin/../lib/google-cloud-sdk/lib/surface/services/enable.py", line 222, in Run
    op = serviceusage.BatchEnableApiCall(project, args.service)
  File "/usr/bin/../lib/google-cloud-sdk/lib/googlecloudsdk/api_lib/services/serviceusage.py", line 1507, in BatchEnableApiCall
    exceptions.ReraiseError(e, exceptions.EnableServiceException)
    ~~~~~~~~~~~~~~~~~~~~~~~^^^^^^^^^^^^^^^^^^^^^^^^^^^^^^^^^^^^^^
  File "/usr/bin/../lib/google-cloud-sdk/lib/googlecloudsdk/api_lib/services/exceptions.py", line 214, in ReraiseError
    core_exceptions.reraise(klass(api_lib_exceptions.HttpException(err)))
    ~~~~~~~~~~~~~~~~~~~~~~~^^^^^^^^^^^^^^^^^^^^^^^^^^^^^^^^^^^^^^^^^^^^^^
  File "/usr/bin/../lib/google-cloud-sdk/lib/googlecloudsdk/core/exceptions.py", line 146, in reraise
    six.reraise(type(exc_value), exc_value, tb)
    ~~~~~~~~~~~^^^^^^^^^^^^^^^^^^^^^^^^^^^^^^^^
  File "/usr/bin/../lib/google-cloud-sdk/lib/third_party/six/__init__.py", line 718, in reraise
    raise value.with_traceback(tb)
  File "/usr/bin/../lib/google-cloud-sdk/lib/googlecloudsdk/api_lib/services/serviceusage.py", line 1504, in BatchEnableApiCall
    return client.services.BatchEnable(request)
           ~~~~~~~~~~~~~~~~~~~~~~~~~~~^^^^^^^^^
  File "/usr/bin/../lib/google-cloud-sdk/lib/googlecloudsdk/generated_clients/apis/serviceusage/v1/serviceusage_v1_client.py", line 181, in BatchEnable
    return self._RunMethod(
           ~~~~~~~~~~~~~~~^
        config, request, global_params=global_params)
        ^^^^^^^^^^^^^^^^^^^^^^^^^^^^^^^^^^^^^^^^^^^^^
  File "/usr/bin/../lib/google-cloud-sdk/lib/third_party/apitools/base/py/base_api.py", line 747, in _RunMethod
    return self.ProcessHttpResponse(method_config, http_response, request)
           ~~~~~~~~~~~~~~~~~~~~~~~~^^^^^^^^^^^^^^^^^^^^^^^^^^^^^^^^^^^^^^^
  File "/usr/bin/../lib/google-cloud-sdk/lib/third_party/apitools/base/py/base_api.py", line 753, in ProcessHttpResponse
    self.__ProcessHttpResponse(method_config, http_response, request))
    ~~~~~~~~~~~~~~~~~~~~~~~~~~^^^^^^^^^^^^^^^^^^^^^^^^^^^^^^^^^^^^^^^
  File "/usr/bin/../lib/google-cloud-sdk/lib/third_party/apitools/base/py/base_api.py", line 612, in __ProcessHttpResponse
    raise exceptions.HttpError.FromResponse(
        http_response, method_config=method_config, request=request)
googlecloudsdk.api_lib.services.exceptions.EnableServiceException: [927061930480-compute@developer.gserviceaccount.com] does not have permission to access projects instance [project-b38b370e-25fb-420a-a54] (or it may not exist): Permission denied to enable service [iamcredentials.googleapis.com]
Permission denied to enable service [sts.googleapis.com]
Help Token: AfYMUri3Vmm8YSUipk3ca6xGTFpqEg7Cen-W92xP_ia_qj_zsYDFAcF2XkgG0hheu8MIy2Jx64_f4iRFSyr87yucVOvlmNgG5qdEcp9mnekPqOwO. This command is authenticated as 927061930480-compute@developer.gserviceaccount.com which is the active account specified by the [core/account] property
- '@type': type.googleapis.com/google.rpc.PreconditionFailure
  violations:
  - subject: '110002'
    type: googleapis.com
- '@type': type.googleapis.com/google.rpc.ErrorInfo
  domain: serviceusage.googleapis.com
  reason: AUTH_PERMISSION_DENIED
2026-07-11 20:45:34,606 ERROR    root            (gcloud.services.enable) [927061930480-compute@developer.gserviceaccount.com] does not have permission to access projects instance [project-b38b370e-25fb-420a-a54] (or it may not exist): Permission denied to enable service [iamcredentials.googleapis.com]
Permission denied to enable service [sts.googleapis.com]
Help Token: AfYMUri3Vmm8YSUipk3ca6xGTFpqEg7Cen-W92xP_ia_qj_zsYDFAcF2XkgG0hheu8MIy2Jx64_f4iRFSyr87yucVOvlmNgG5qdEcp9mnekPqOwO. This command is authenticated as 927061930480-compute@developer.gserviceaccount.com which is the active account specified by the [core/account] property
- '@type': type.googleapis.com/google.rpc.PreconditionFailure
  violations:
  - subject: '110002'
    type: googleapis.com
- '@type': type.googleapis.com/google.rpc.ErrorInfo
  domain: serviceusage.googleapis.com
  reason: AUTH_PERMISSION_DENIED
