2026-07-11 21:34:06,357 DEBUG    root            Loaded Command Group: ['gcloud', 'config']
2026-07-11 21:34:06,382 DEBUG    root            Loaded Command Group: ['gcloud', 'config', 'config_helper']
2026-07-11 21:34:06,385 DEBUG    root            Running [gcloud.config.config-helper] with arguments: [--format: "json", --min-expiry: "1800"]
2026-07-11 21:34:06,390 DEBUG    root            On GCE from server: True
2026-07-11 21:34:06,402 DEBUG    root            On GCE from memory cache: True
2026-07-11 21:34:06,415 DEBUG    root            On GCE from memory cache: True
2026-07-11 21:34:06,431 DEBUG    urllib3.connectionpool Starting new HTTP connection (1): metadata.google.internal:80
2026-07-11 21:34:06,433 DEBUG    urllib3.connectionpool http://metadata.google.internal:80 "GET /computeMetadata/v1/instance/service-accounts/927061930480-compute@developer.gserviceaccount.com/?recursive=true HTTP/1.1" 200 155
2026-07-11 21:34:06,437 DEBUG    urllib3.connectionpool http://metadata.google.internal:80 "GET /computeMetadata/v1/instance/service-accounts/default/token?scopes=https%3A%2F%2Fwww.googleapis.com%2Fauth%2Fcloud-platform%2Chttps%3A%2F%2Fwww.googleapis.com%2Fauth%2Fuserinfo.email HTTP/1.1" 200 868
2026-07-11 21:34:06,471 DEBUG    root            On GCE from memory cache: True
2026-07-11 21:34:06,530 DEBUG    root            Chosen display Format:default json
2026-07-11 21:34:06,530 INFO     root            Display format: "default json"
2026-07-11 21:34:06,581 INFO     ___FILE_ONLY___ {
  "configuration": {
    "active_configuration": "default",
    "properties": {
      "compute": {
        "region": "us-central1"
      },
      "core": {
        "account": "927061930480-compute@developer.gserviceaccount.com",
        "disable_usage_reporting": "True",
        "project": "project-b38b370e-25fb-420a-a54",
        "universe_domain": "googleapis.com"
      },
      "dataproc": {
        "region": "us-central1"
      }
    }
  },
  "credential": {
    "access_token": "ya29.c.c0AZ4bNpZ4SSI3TUFx-cHzmNvfFPeSE6BgsGdLY3YoIvpakk2lPU_wiUvs7woQUDsv2qdTtvaO0TohxO9j3poaTKsxUdB3Ff0_C6Ydsk24xLLSYBJaBF8Yw3w-RhSqQHhcoai10kr3IQGrS5gwF6jg69W8-78HTE1XdDnm7ljyU_BmUUzS9k_L1106FHSl7EcDe2ZPATWoaHLJUVwozD19C7GN_g-wtYb576-plHyAjeXe_KtrO9uOiVOQ4cIhjH3KTCsPUHx8HUHK5NYrZjH2yd466lZTIZ7d5qIb_IleBmIkMPDHX98CAIXiAo7W185Zi0AsWN6GP4ah7BXVN0lDsho5hrBB0l7u2bfyAgbOxZh8jDf7W9ybHguMAzjFdhza6PqVknai68VHbIBR57UKIMMN416DssgOxvB80Uhbl5yIt1bwFWWhI58ihJBOOd863xe5SMB2dM5UuvIkkuYYh1s3Mb6yFwoO2988-X9I3hYSnr2Qwu3rk72WmmUxdkOstYWdkvxeukWkFycBF63JpY26oF9XU9_pfOuJ2y06ptqxWmQyWv3cYfhMy-0SzoqtBFSYxe1sm5sl-gXVi6abvggp3Zd9ZvQUhpnvj99j7ggw8_wiMajvgkVddjo6V-y0Jwz2k8fqsmMwsSkUjvtcIOoFl6FfjV74ag_wnQl7z6fZcXdX-gq_kI0Bww8J72X6Irwnwg-6Fn4tg59bamyVO9SzWI-39y7ZswhtZzt365h9op7oswet3XBBdc3MOtR83Ix62I401ZV_QyosRaVMnIa3XYnlxtam3zSmb_4cOmp6up32in0V-cykkjRuRUeqf2f3S8mdZkS-Y5yqijg6x5ByIYMJ_kB9qbospjpU7lvRlk9BMnpdn1R72npvznaUBlVwmlkvMn_e0iJWz3ddf5x5MUk9i6vFQno7r6jlM4M_migflagl8dOIcZsVSx5elhJfdY5WrwftqOBlweY68ihOjhW_Wo9W_V4irFiiSf059X-WR1r1q9s",
    "id_token": "eyJhbGciOiJSUzI1NiIsImtpZCI6ImJjOGY3YWY1OGRiNDRjZjZlYWEyZWQxMGVjODBmMzQwOGNmZGU0NjUiLCJ0eXAiOiJKV1QifQ.eyJhdWQiOiIzMjU1NTk0MDU1OS5hcHBzLmdvb2dsZXVzZXJjb250ZW50LmNvbSIsImF6cCI6IjEwNzMzNDUzMTg1MDI0NTgxOTY4MiIsImV4cCI6MTc4MzgwOTI0NiwiaWF0IjoxNzgzODA1NjQ2LCJpc3MiOiJodHRwczovL2FjY291bnRzLmdvb2dsZS5jb20iLCJzdWIiOiIxMDczMzQ1MzE4NTAyNDU4MTk2ODIifQ.gOBIzCvVlpxE2ZflDKj0r-wkDGe7qoXS99-BBu8Fkd1oHqCUvfMmWgTGR2KsRs74fLShmXTOniMvCpusD9_SD_eIHvMdG4kLNAAOkG3UGK2Y-XqjkW6Ui4rPdLjzOd06b32eOuRqon-GxxmgdVYZB9kYy0BZnhjTi5U7T3Z2olkcsQbv5JVX_brt4ObLCP9Ktdc2TVjt1NeBATbDdntvSjoiiG17wCbBrbNSYYXLMuuWvJ5VqTs71oXSjOBdvrMPEyeM5hC_3V31ew8-cFgNYNAzIWrpmbrXBZCinLvPo12hL6JEo6FVEQy8wp8eZNfbpliULVa3f-QGOTw0kb_vvg",
    "regional_access_boundary": "0x7ffffffffffffffe",
    "regional_access_boundary_expiry": "2026-07-12T01:28:47Z",
    "token_expiry": "2026-07-11T22:17:47Z"
  },
  "sentinels": {
    "config_sentinel": "/home/jupyter/.config/gcloud/config_sentinel"
  }
}
2026-07-11 21:34:06,582 INFO     ___FILE_ONLY___ 

2026-07-11 21:34:06,591 DEBUG    root            SDK update checks are disabled.
