2026-07-05 15:23:41,206 DEBUG    root            Loaded Command Group: ['gcloud', 'config']
2026-07-05 15:23:41,367 DEBUG    root            Loaded Command Group: ['gcloud', 'config', 'config_helper']
2026-07-05 15:23:41,370 DEBUG    root            Running [gcloud.config.config-helper] with arguments: [--format: "json", --min-expiry: "1800"]
2026-07-05 15:23:41,375 DEBUG    root            On GCE from server: True
2026-07-05 15:23:41,389 DEBUG    root            On GCE from memory cache: True
2026-07-05 15:23:41,510 DEBUG    root            Chosen display Format:default json
2026-07-05 15:23:41,510 INFO     root            Display format: "default json"
2026-07-05 15:23:41,569 INFO     ___FILE_ONLY___ {
  "configuration": {
    "active_configuration": "default",
    "properties": {
      "compute": {
        "region": "us-central1"
      },
      "core": {
        "account": "927061930480-compute@developer.gserviceaccount.com",
        "disable_usage_reporting": "True",
        "project": "project-b38b370e-25fb-420a-a54",
        "universe_domain": "googleapis.com"
      },
      "dataproc": {
        "region": "us-central1"
      }
    }
  },
  "credential": {
    "access_token": "ya29.c.c0AZ4bNpZvliH5rKiavhg8_MO2YHGTvOFIqIAs5WqTPvASX4KUpiGqUCyxwb-gWrx7ygupWGsN5_xOSKDJPiRqH6tBVG1vZptK58YNdjKPU_2blsUIG7mIC5lloclJNZAx2sj8bqBqkTAscCPgsjHGUjIZyh_wU9xRWpPuoBftMgvRpVg-XZoo9x5NcapjP8AMHxfYx9GYY01avBl6FSzsrxTWCAmrgO_o3cAY7OGtJla3SFXaWxjZ2eyRj_zQIacyJnHjQNnWyb7-DxaRToAm3lYBTvIgRQsMi3JSgdT7PamkSOmvhRKeHrbvZGCjJUAdcgymS_bb4kTuHHCfysDDFdlIz7CgrPQgE8y1TSHQNg48jMvxCW1GymSfRA7H8dZpKffy7kuPTRUkbI3NC-UXL413A6iIts3u7YpeU4aOyw8i0teOwFa7kcJwRoJg3n2QuVuB9njkbqJOBwSbb7hquM9rjhy_zajaQm26UgocJWpVYjoM9jJ2fI8kjWeOhcnkIi4MZaeW5l0qXZ0JfQRUWY6aMgQybVWawui8qawem383iFl-BzS2uy_d25SfZJqYmwU6xJYgmnXzYgVyhV6ruW5wb5SZoWXqjJ-6vx_c4hFw5Fh4b91iunqq2m_VVMoggBhelukSBf0Zs97Q_bofVxuJMs8dfIMXhqjM3qxScktwUemudlX5uV1igsmOfvMhO15rWgntgFpaRcxcjaUWUYX8xV_pht3WR673VzS6OIJov4o_bjWu_r2X7x_rfRSabug5q4hrpmWmhs3bFUFpRhqybsbX1vSgnpgsmWpbeo5aqO5eln1VhOF74zjr517IS6fhpzuSwRUldhnYfcWJ60VwQIduuca26bzzkcIi5zUwYc18tF6bl6owd7VUzup0JX4fYMnmf-tVg5x218un4vx8fJvs9mzdFetBmn4rbO4uiZbFZp9Jt2nOaXjzoUs2oXj6h2lZ5nJ43tSi1xulwQhe7uM5O_ZuvJzwXRVQJkg16Wd7FVi41b_",
    "id_token": "eyJhbGciOiJSUzI1NiIsImtpZCI6ImYzNjE5MTM3MWM4YzRmZmQxNjI4NDZjZGU5MWE5Y2I0YzJiZWJhZTIiLCJ0eXAiOiJKV1QifQ.eyJhdWQiOiIzMjU1NTk0MDU1OS5hcHBzLmdvb2dsZXVzZXJjb250ZW50LmNvbSIsImF6cCI6IjEwNzMzNDUzMTg1MDI0NTgxOTY4MiIsImV4cCI6MTc4MzI2NzE0NywiaWF0IjoxNzgzMjYzNTQ3LCJpc3MiOiJodHRwczovL2FjY291bnRzLmdvb2dsZS5jb20iLCJzdWIiOiIxMDczMzQ1MzE4NTAyNDU4MTk2ODIifQ.WDy6CbgkLBBYhuDy_opHxLzWEFP-VeHbi4Of4QRBY9ztzz4Xpn3wYnx2_hndhDzg6A41wmXOkQe13llHsHEcfHsCfPGO7TMa9XAUXe5j3-ZiCQuaOzCxFPsmkugMpxV43b4vHYns3y8-PhY56E2uEZlKCNkuLAR9NqhAjPzso3CgRbGTwq7j-pxfp63fvg5r2T663m8mGJZXGMtxK5qfnqQuANc0dbFM5vjXXDd_6adCLpobpIxn20Auli3F2DZz0dG5BUsoJbudl8NVEQIG_cuM8rRwYfLioAWvaeektabRY2W0TacE-w2oj9yjFJu0Pv92JFFgJN4E4j-YxZcvFA",
    "regional_access_boundary": "0x7ffffffffffffffe",
    "regional_access_boundary_expiry": "2026-07-05T20:59:07Z",
    "token_expiry": "2026-07-05T15:53:56Z"
  },
  "sentinels": {
    "config_sentinel": "/home/jupyter/.config/gcloud/config_sentinel"
  }
}
2026-07-05 15:23:41,569 INFO     ___FILE_ONLY___ 

2026-07-05 15:23:41,581 DEBUG    root            SDK update checks are disabled.
