2026-07-05 15:45:10,517 DEBUG    root            Loaded Command Group: ['gcloud', 'config']
2026-07-05 15:45:10,542 DEBUG    root            Loaded Command Group: ['gcloud', 'config', 'config_helper']
2026-07-05 15:45:10,545 DEBUG    root            Running [gcloud.config.config-helper] with arguments: [--format: "json", --min-expiry: "1800"]
2026-07-05 15:45:10,546 DEBUG    root            On GCE from disk cache: True
2026-07-05 15:45:10,558 DEBUG    root            On GCE from memory cache: True
2026-07-05 15:45:10,671 DEBUG    root            On GCE from memory cache: True
2026-07-05 15:45:10,683 DEBUG    urllib3.connectionpool Starting new HTTP connection (1): metadata.google.internal:80
2026-07-05 15:45:10,685 DEBUG    urllib3.connectionpool http://metadata.google.internal:80 "GET /computeMetadata/v1/instance/service-accounts/927061930480-compute@developer.gserviceaccount.com/?recursive=true HTTP/1.1" 200 155
2026-07-05 15:45:10,689 DEBUG    urllib3.connectionpool http://metadata.google.internal:80 "GET /computeMetadata/v1/instance/service-accounts/default/token?scopes=https%3A%2F%2Fwww.googleapis.com%2Fauth%2Fcloud-platform%2Chttps%3A%2F%2Fwww.googleapis.com%2Fauth%2Fuserinfo.email HTTP/1.1" 200 868
2026-07-05 15:45:10,701 DEBUG    root            On GCE from memory cache: True
2026-07-05 15:45:10,738 DEBUG    root            Chosen display Format:default json
2026-07-05 15:45:10,738 INFO     root            Display format: "default json"
2026-07-05 15:45:10,792 INFO     ___FILE_ONLY___ {
  "configuration": {
    "active_configuration": "default",
    "properties": {
      "compute": {
        "region": "us-central1"
      },
      "core": {
        "account": "927061930480-compute@developer.gserviceaccount.com",
        "disable_usage_reporting": "True",
        "project": "project-b38b370e-25fb-420a-a54",
        "universe_domain": "googleapis.com"
      },
      "dataproc": {
        "region": "us-central1"
      }
    }
  },
  "credential": {
    "access_token": "ya29.c.c0AZ4bNpZvliH5rKiavhg8_MO2YHGTvOFIqIAs5WqTPvASX4KUpiGqUCyxwb-gWrx7ygupWGsN5_xOSKDJPiRqH6tBVG1vZptK58YNdjKPU_2blsUIG7mIC5lloclJNZAx2sj8bqBqkTAscCPgsjHGUjIZyh_wU9xRWpPuoBftMgvRpVg-XZoo9x5NcapjP8AMHxfYx9GYY01avBl6FSzsrxTWCAmrgO_o3cAY7OGtJla3SFXaWxjZ2eyRj_zQIacyJnHjQNnWyb7-DxaRToAm3lYBTvIgRQsMi3JSgdT7PamkSOmvhRKeHrbvZGCjJUAdcgymS_bb4kTuHHCfysDDFdlIz7CgrPQgE8y1TSHQNg48jMvxCW1GymSfRA7H8dZpKffy7kuPTRUkbI3NC-UXL413A6iIts3u7YpeU4aOyw8i0teOwFa7kcJwRoJg3n2QuVuB9njkbqJOBwSbb7hquM9rjhy_zajaQm26UgocJWpVYjoM9jJ2fI8kjWeOhcnkIi4MZaeW5l0qXZ0JfQRUWY6aMgQybVWawui8qawem383iFl-BzS2uy_d25SfZJqYmwU6xJYgmnXzYgVyhV6ruW5wb5SZoWXqjJ-6vx_c4hFw5Fh4b91iunqq2m_VVMoggBhelukSBf0Zs97Q_bofVxuJMs8dfIMXhqjM3qxScktwUemudlX5uV1igsmOfvMhO15rWgntgFpaRcxcjaUWUYX8xV_pht3WR673VzS6OIJov4o_bjWu_r2X7x_rfRSabug5q4hrpmWmhs3bFUFpRhqybsbX1vSgnpgsmWpbeo5aqO5eln1VhOF74zjr517IS6fhpzuSwRUldhnYfcWJ60VwQIduuca26bzzkcIi5zUwYc18tF6bl6owd7VUzup0JX4fYMnmf-tVg5x218un4vx8fJvs9mzdFetBmn4rbO4uiZbFZp9Jt2nOaXjzoUs2oXj6h2lZ5nJ43tSi1xulwQhe7uM5O_ZuvJzwXRVQJkg16Wd7FVi41b_",
    "id_token": "eyJhbGciOiJSUzI1NiIsImtpZCI6ImYzNjE5MTM3MWM4YzRmZmQxNjI4NDZjZGU5MWE5Y2I0YzJiZWJhZTIiLCJ0eXAiOiJKV1QifQ.eyJhdWQiOiIzMjU1NTk0MDU1OS5hcHBzLmdvb2dsZXVzZXJjb250ZW50LmNvbSIsImF6cCI6IjEwNzMzNDUzMTg1MDI0NTgxOTY4MiIsImV4cCI6MTc4MzI2OTkxMCwiaWF0IjoxNzgzMjY2MzEwLCJpc3MiOiJodHRwczovL2FjY291bnRzLmdvb2dsZS5jb20iLCJzdWIiOiIxMDczMzQ1MzE4NTAyNDU4MTk2ODIifQ.fqgrGTBTNRygsr6LmoA3JDHKDTNt7Z07VeaQNdBJ9nLGlRONSBau06gwD9im0bS-NOh-AzF3BCRFK10lQaV9wg-eTHvzT5OI9m6Qg_wP5lGWMc22_F61GbYP8eA0Cx0PqAeuzU85giFznXeIY0w0MtrsDGZqiDqDoVEu0MJlecGGktSEHVtG3dznz7QiHfi04bATwabZOr7Y0xTAVaXLytqxVIOHjzW1J2EChiZYMn11OdQdVkmwhdYB52Mvn1NkA5_P4gFQgxABeMofcJE3MCXhWu7YEpUK6WbcqjVOBSB64_XZZN-hr1EEXcv769xa6g5uPGlFo4WoGkdCLetRIw",
    "regional_access_boundary": "0x7ffffffffffffffe",
    "regional_access_boundary_expiry": "2026-07-05T20:59:07Z",
    "token_expiry": "2026-07-05T15:53:56Z"
  },
  "sentinels": {
    "config_sentinel": "/home/jupyter/.config/gcloud/config_sentinel"
  }
}
2026-07-05 15:45:10,792 INFO     ___FILE_ONLY___ 

2026-07-05 15:45:10,802 DEBUG    root            SDK update checks are disabled.
