2026-07-05 16:28:41,352 DEBUG    root            Loaded Command Group: ['gcloud', 'config']
2026-07-05 16:28:41,377 DEBUG    root            Loaded Command Group: ['gcloud', 'config', 'config_helper']
2026-07-05 16:28:41,380 DEBUG    root            Running [gcloud.config.config-helper] with arguments: [--format: "json", --min-expiry: "1800"]
2026-07-05 16:28:41,384 DEBUG    root            On GCE from server: True
2026-07-05 16:28:41,395 DEBUG    root            On GCE from memory cache: True
2026-07-05 16:28:41,407 DEBUG    root            On GCE from memory cache: True
2026-07-05 16:28:41,421 DEBUG    urllib3.connectionpool Starting new HTTP connection (1): metadata.google.internal:80
2026-07-05 16:28:41,423 DEBUG    urllib3.connectionpool http://metadata.google.internal:80 "GET /computeMetadata/v1/instance/service-accounts/927061930480-compute@developer.gserviceaccount.com/?recursive=true HTTP/1.1" 200 155
2026-07-05 16:28:41,427 DEBUG    urllib3.connectionpool http://metadata.google.internal:80 "GET /computeMetadata/v1/instance/service-accounts/default/token?scopes=https%3A%2F%2Fwww.googleapis.com%2Fauth%2Fcloud-platform%2Chttps%3A%2F%2Fwww.googleapis.com%2Fauth%2Fuserinfo.email HTTP/1.1" 200 868
2026-07-05 16:28:41,438 DEBUG    root            On GCE from memory cache: True
2026-07-05 16:28:41,470 DEBUG    root            Chosen display Format:default json
2026-07-05 16:28:41,470 INFO     root            Display format: "default json"
2026-07-05 16:28:41,524 INFO     ___FILE_ONLY___ {
  "configuration": {
    "active_configuration": "default",
    "properties": {
      "compute": {
        "region": "us-central1"
      },
      "core": {
        "account": "927061930480-compute@developer.gserviceaccount.com",
        "disable_usage_reporting": "True",
        "project": "project-b38b370e-25fb-420a-a54",
        "universe_domain": "googleapis.com"
      },
      "dataproc": {
        "region": "us-central1"
      }
    }
  },
  "credential": {
    "access_token": "ya29.c.c0AZ4bNpbYcBGX23IbkZpH4d6C9hNj3vbDBtaTqwd5HE3dcPEKk0JA-B7EZySvD6FQ9TR4hXJchBvugjURvGrP2_IWKBaafTKQ5XpZKamAIFeIlO_aF96gwstBPSasaqaWQ869ByaMY27jrl_RxLwf4SBIUMdLgzPjbeuWHTDLgKMqgBvWTzJNpaLvIQQMg-Cgo8QY0AKfajGvDaQzE44p7A6GRcAIZgDQ3Run2wLp-hgvG5pIG-sHjIuWq5TmsZckhTjzVmR3WVOhMDNeKN4pmKssj8bv3ATjTrQZc-BGswMAxTFMst2wQ03vP_pOWnRj_p_B9na7vFWg79sKHbFaaBiTBwkAmxWj2QezaaFr4nS0ydUVz_l0rLi13ee76DsUUGkw-t5NL7JRN5RcIAhIH413AUMukidb5Io4Vht4RFOMnRgjOb9hhy-keJbdZX8xM61_ultXz2mYtXoFzz9VmdImdccFao22zdpMnXpbYlj3ROfmWBMbd_pjjazJWgXvQyuXoyV6iicyRoaVuXz4BhXb5J_hwx2a6t-v4jwSqMI04y2e4-V4VaBeVjiIfI4gfJhXdFxiY2fc1iRWz6XJvc2bWBSO8Og5MOF82ntfgtliXfmw_Oy8t2utf0_Rar95Q12MmoIgtZQOM51ewSlq9M2ce8R5x_f7gVRxs0QsntwBefFVyBi7765W3yuI7aRZSulqedmkX8OpW2k8z99dzQy5uzgqUFixWc0vwde6fUaj8Zb6s_WRvdYQoyF_rccXi-rl1VYilhIRSyVthIh7ztgwu3Zfa-QzSVRmrnzct2XhBgxiunhi2FIhlo1B7zjOu52Bzy-JYdvS0yXdtybceYJ1lojRtoV3ZpzJW7y3pn5BYsuScRkkrYywWwZvXv1W6jFtS3mtyUop6qoz7Fuwjf6jVJbO_ajMmvjhkari4_24WwUbkz2fcIVt_W_m-dvaj3zXnvMfaaXpwfanx2dnZx7-8yYSbonSUJI63cc-F6si7fIX33BtXap",
    "id_token": "eyJhbGciOiJSUzI1NiIsImtpZCI6ImYzNjE5MTM3MWM4YzRmZmQxNjI4NDZjZGU5MWE5Y2I0YzJiZWJhZTIiLCJ0eXAiOiJKV1QifQ.eyJhdWQiOiIzMjU1NTk0MDU1OS5hcHBzLmdvb2dsZXVzZXJjb250ZW50LmNvbSIsImF6cCI6IjEwNzMzNDUzMTg1MDI0NTgxOTY4MiIsImV4cCI6MTc4MzI3MjUyMSwiaWF0IjoxNzgzMjY4OTIxLCJpc3MiOiJodHRwczovL2FjY291bnRzLmdvb2dsZS5jb20iLCJzdWIiOiIxMDczMzQ1MzE4NTAyNDU4MTk2ODIifQ.DiXFz0yO1HkUoV_PFCsHnmvOIHJN55PqJaGtbpWmEhHDp9usPF21q6vL-sBFzP5gvKYNfzZ1KtJ6wglcbkPdkEuzC8rNvV1xatBDJUgs0rivYFIi9bYS68YDj4FdftuSfaW97xxzp-kz-aOoXa_42_7KyVbijh-zAZi0Be6AxtrZ6dw67xsVUuWF6eF2Ea9WV648UMI50iQO5hgPYGRlvwv1KxTgs__NcZsFDDneM5mZv4KzvfvTwqDDqk-Vb5wfEC4GNjEOxWeMZD0Blfi6qN8vedUD4GL4s6s9Oyndz65SpOGvNFuDSXn5kOKRVqcsyWIFWJ2xfL-CN53yMFAAzg",
    "regional_access_boundary": "0x7ffffffffffffffe",
    "regional_access_boundary_expiry": "2026-07-05T20:59:07Z",
    "token_expiry": "2026-07-05T16:49:21Z"
  },
  "sentinels": {
    "config_sentinel": "/home/jupyter/.config/gcloud/config_sentinel"
  }
}
2026-07-05 16:28:41,524 INFO     ___FILE_ONLY___ 

2026-07-05 16:28:41,534 DEBUG    root            SDK update checks are disabled.
