2026-07-05 16:49:29,499 DEBUG    root            Loaded Command Group: ['gcloud', 'projects']
2026-07-05 16:49:29,576 DEBUG    root            Loaded Command Group: ['gcloud', 'projects', 'get_iam_policy']
2026-07-05 16:49:29,579 DEBUG    root            Running [gcloud.projects.get-iam-policy] with arguments: [--filter: "bindings.members:927061930480-compute@developer.gserviceaccount.com", --flatten: "['bindings[].members']", --format: "table(bindings.role)", PROJECT_ID_OR_NUMBER: "project-b38b370e-25fb-420a-a54"]
2026-07-05 16:49:29,582 DEBUG    root            On GCE from disk cache: True
2026-07-05 16:49:29,592 DEBUG    root            On GCE from memory cache: True
2026-07-05 16:49:29,616 DEBUG    urllib3.connectionpool Starting new HTTPS connection (1): cloudresourcemanager.googleapis.com:443
2026-07-05 16:49:29,725 DEBUG    urllib3.connectionpool https://cloudresourcemanager.googleapis.com:443 "POST /v1/projects/project-b38b370e-25fb-420a-a54:getIamPolicy?alt=json HTTP/1.1" 403 None
2026-07-05 16:49:29,734 DEBUG    root            (gcloud.projects.get-iam-policy) [927061930480-compute@developer.gserviceaccount.com] does not have permission to access projects instance [project-b38b370e-25fb-420a-a54:getIamPolicy] (or it may not exist): The caller does not have permission. This command is authenticated as 927061930480-compute@developer.gserviceaccount.com which is the active account specified by the [core/account] property
Traceback (most recent call last):
  File "/usr/bin/../lib/google-cloud-sdk/lib/googlecloudsdk/calliope/cli.py", line 941, in Execute
    resources = calliope_command.Run(cli=self, args=args)
  File "/usr/bin/../lib/google-cloud-sdk/lib/googlecloudsdk/calliope/backend.py", line 968, in Run
    resources = command_instance.Run(args)
  File "/usr/bin/../lib/google-cloud-sdk/lib/surface/projects/get_iam_policy.py", line 45, in Run
    return projects_api.GetIamPolicy(project_ref)
           ~~~~~~~~~~~~~~~~~~~~~~~~~^^^^^^^^^^^^^
  File "/usr/bin/../lib/google-cloud-sdk/lib/googlecloudsdk/api_lib/cloudresourcemanager/projects_api.py", line 224, in GetIamPolicy
    return client.projects.GetIamPolicy(policy_request)
           ~~~~~~~~~~~~~~~~~~~~~~~~~~~~^^^^^^^^^^^^^^^^
  File "/usr/bin/../lib/google-cloud-sdk/lib/googlecloudsdk/generated_clients/apis/cloudresourcemanager/v1/cloudresourcemanager_v1_client.py", line 834, in GetIamPolicy
    return self._RunMethod(
           ~~~~~~~~~~~~~~~^
        config, request, global_params=global_params)
        ^^^^^^^^^^^^^^^^^^^^^^^^^^^^^^^^^^^^^^^^^^^^^
  File "/usr/bin/../lib/google-cloud-sdk/lib/third_party/apitools/base/py/base_api.py", line 747, in _RunMethod
    return self.ProcessHttpResponse(method_config, http_response, request)
           ~~~~~~~~~~~~~~~~~~~~~~~~^^^^^^^^^^^^^^^^^^^^^^^^^^^^^^^^^^^^^^^
  File "/usr/bin/../lib/google-cloud-sdk/lib/third_party/apitools/base/py/base_api.py", line 753, in ProcessHttpResponse
    self.__ProcessHttpResponse(method_config, http_response, request))
    ~~~~~~~~~~~~~~~~~~~~~~~~~~^^^^^^^^^^^^^^^^^^^^^^^^^^^^^^^^^^^^^^^
  File "/usr/bin/../lib/google-cloud-sdk/lib/third_party/apitools/base/py/base_api.py", line 612, in __ProcessHttpResponse
    raise exceptions.HttpError.FromResponse(
        http_response, method_config=method_config, request=request)
apitools.base.py.exceptions.HttpForbiddenError: HttpError accessing <https://cloudresourcemanager.googleapis.com/v1/projects/project-b38b370e-25fb-420a-a54:getIamPolicy?alt=json>: response: <{'vary': 'Origin, X-Origin, Referer', 'content-type': 'application/json; charset=UTF-8', 'content-encoding': 'gzip', 'date': 'Sun, 05 Jul 2026 16:49:29 GMT', 'server': 'ESF', 'x-xss-protection': '0', 'x-frame-options': 'SAMEORIGIN', 'x-content-type-options': 'nosniff', 'server-timing': 'gfet4t7; dur=97', 'transfer-encoding': 'chunked', 'status': 403}>, content <{
  "error": {
    "code": 403,
    "message": "The caller does not have permission",
    "status": "PERMISSION_DENIED"
  }
}
>
2026-07-05 16:49:29,867 ERROR    root            (gcloud.projects.get-iam-policy) [927061930480-compute@developer.gserviceaccount.com] does not have permission to access projects instance [project-b38b370e-25fb-420a-a54:getIamPolicy] (or it may not exist): The caller does not have permission. This command is authenticated as 927061930480-compute@developer.gserviceaccount.com which is the active account specified by the [core/account] property
