2026-07-05 16:49:06,661 DEBUG    root            Loaded Command Group: ['gcloud', 'auth']
2026-07-05 16:49:06,663 DEBUG    root            Loaded Command Group: ['gcloud', 'auth', 'list']
2026-07-05 16:49:06,665 DEBUG    root            Running [gcloud.auth.list] with arguments: []
2026-07-05 16:49:06,668 DEBUG    root            On GCE from disk cache: True
2026-07-05 16:49:06,677 DEBUG    root            Chosen display Format:    table[title='Credentialed Accounts'](
        status.yesno(yes='*', no=''):label=ACTIVE,
        account
    )
2026-07-05 16:49:06,678 INFO     root            Display format: "    table[title='Credentialed Accounts'](
        status.yesno(yes='*', no=''):label=ACTIVE,
        account
    )"
2026-07-05 16:49:06,729 INFO     ___FILE_ONLY___                   Credentialed Accounts
2026-07-05 16:49:06,729 INFO     ___FILE_ONLY___ 

2026-07-05 16:49:06,729 INFO     ___FILE_ONLY___ ACTIVE
2026-07-05 16:49:06,730 INFO     ___FILE_ONLY___   
2026-07-05 16:49:06,730 INFO     ___FILE_ONLY___ ACCOUNT
2026-07-05 16:49:06,730 INFO     ___FILE_ONLY___ 

2026-07-05 16:49:06,730 INFO     ___FILE_ONLY___ *
2026-07-05 16:49:06,730 INFO     ___FILE_ONLY___        
2026-07-05 16:49:06,730 INFO     ___FILE_ONLY___ 927061930480-compute@developer.gserviceaccount.com
2026-07-05 16:49:06,730 INFO     ___FILE_ONLY___ 

2026-07-05 16:49:06,730 INFO     ___FILE_ONLY___ 
To set the active account, run:
    $ gcloud config set account `ACCOUNT`


2026-07-05 16:49:06,740 DEBUG    root            SDK update checks are disabled.
