2026-07-05 16:48:54,948 DEBUG    root            Loaded Command Group: ['gcloud', 'auth']
2026-07-05 16:48:54,961 DEBUG    root            Loaded Command Group: ['gcloud', 'auth', 'list']
2026-07-05 16:48:54,964 DEBUG    root            Running [gcloud.auth.list] with arguments: []
2026-07-05 16:48:54,971 DEBUG    root            On GCE from server: True
2026-07-05 16:48:54,979 DEBUG    root            Chosen display Format:    table[title='Credentialed Accounts'](
        status.yesno(yes='*', no=''):label=ACTIVE,
        account
    )
2026-07-05 16:48:54,980 INFO     root            Display format: "    table[title='Credentialed Accounts'](
        status.yesno(yes='*', no=''):label=ACTIVE,
        account
    )"
2026-07-05 16:48:55,032 INFO     ___FILE_ONLY___                   Credentialed Accounts
2026-07-05 16:48:55,033 INFO     ___FILE_ONLY___ 

2026-07-05 16:48:55,033 INFO     ___FILE_ONLY___ ACTIVE
2026-07-05 16:48:55,033 INFO     ___FILE_ONLY___   
2026-07-05 16:48:55,033 INFO     ___FILE_ONLY___ ACCOUNT
2026-07-05 16:48:55,033 INFO     ___FILE_ONLY___ 

2026-07-05 16:48:55,033 INFO     ___FILE_ONLY___ *
2026-07-05 16:48:55,033 INFO     ___FILE_ONLY___        
2026-07-05 16:48:55,033 INFO     ___FILE_ONLY___ 927061930480-compute@developer.gserviceaccount.com
2026-07-05 16:48:55,034 INFO     ___FILE_ONLY___ 

2026-07-05 16:48:55,034 INFO     ___FILE_ONLY___ 
To set the active account, run:
    $ gcloud config set account `ACCOUNT`


2026-07-05 16:48:55,044 DEBUG    root            SDK update checks are disabled.
