2026-07-05 16:57:30,120 DEBUG    root            Loaded Command Group: ['gcloud', 'projects']
2026-07-05 16:57:30,127 DEBUG    root            Loaded Command Group: ['gcloud', 'projects', 'describe']
2026-07-05 16:57:30,129 DEBUG    root            Running [gcloud.projects.describe] with arguments: [PROJECT_ID_OR_NUMBER: "project-b38b370e-25fb-420a-a54"]
2026-07-05 16:57:30,133 DEBUG    root            On GCE from disk cache: True
2026-07-05 16:57:30,143 DEBUG    root            On GCE from memory cache: True
2026-07-05 16:57:30,178 DEBUG    urllib3.connectionpool Starting new HTTPS connection (1): cloudresourcemanager.googleapis.com:443
2026-07-05 16:57:30,236 DEBUG    urllib3.connectionpool https://cloudresourcemanager.googleapis.com:443 "GET /v1/projects/project-b38b370e-25fb-420a-a54?alt=json HTTP/1.1" 200 None
2026-07-05 16:57:30,238 DEBUG    root            Chosen display Format:default
2026-07-05 16:57:30,239 INFO     root            Display format: "default"
2026-07-05 16:57:30,295 INFO     ___FILE_ONLY___ createTime
2026-07-05 16:57:30,295 INFO     ___FILE_ONLY___ :
2026-07-05 16:57:30,296 INFO     ___FILE_ONLY___  '
2026-07-05 16:57:30,296 INFO     ___FILE_ONLY___ 2026-06-08T09:54:21.820Z
2026-07-05 16:57:30,296 INFO     ___FILE_ONLY___ '
2026-07-05 16:57:30,296 INFO     ___FILE_ONLY___ 

2026-07-05 16:57:30,296 INFO     ___FILE_ONLY___ lifecycleState
2026-07-05 16:57:30,296 INFO     ___FILE_ONLY___ :
2026-07-05 16:57:30,296 INFO     ___FILE_ONLY___  
2026-07-05 16:57:30,296 INFO     ___FILE_ONLY___ ACTIVE
2026-07-05 16:57:30,297 INFO     ___FILE_ONLY___ 

2026-07-05 16:57:30,297 INFO     ___FILE_ONLY___ name
2026-07-05 16:57:30,297 INFO     ___FILE_ONLY___ :
2026-07-05 16:57:30,297 INFO     ___FILE_ONLY___  
2026-07-05 16:57:30,297 INFO     ___FILE_ONLY___ My
2026-07-05 16:57:30,297 INFO     ___FILE_ONLY___  
2026-07-05 16:57:30,297 INFO     ___FILE_ONLY___ First
2026-07-05 16:57:30,297 INFO     ___FILE_ONLY___  
2026-07-05 16:57:30,297 INFO     ___FILE_ONLY___ Project
2026-07-05 16:57:30,297 INFO     ___FILE_ONLY___ 

2026-07-05 16:57:30,297 INFO     ___FILE_ONLY___ parent
2026-07-05 16:57:30,298 INFO     ___FILE_ONLY___ :
2026-07-05 16:57:30,298 INFO     ___FILE_ONLY___ 

2026-07-05 16:57:30,298 INFO     ___FILE_ONLY___   
2026-07-05 16:57:30,298 INFO     ___FILE_ONLY___ id
2026-07-05 16:57:30,298 INFO     ___FILE_ONLY___ :
2026-07-05 16:57:30,298 INFO     ___FILE_ONLY___  '
2026-07-05 16:57:30,298 INFO     ___FILE_ONLY___ 734940966694
2026-07-05 16:57:30,298 INFO     ___FILE_ONLY___ '
2026-07-05 16:57:30,299 INFO     ___FILE_ONLY___ 

2026-07-05 16:57:30,299 INFO     ___FILE_ONLY___   
2026-07-05 16:57:30,299 INFO     ___FILE_ONLY___ type
2026-07-05 16:57:30,299 INFO     ___FILE_ONLY___ :
2026-07-05 16:57:30,299 INFO     ___FILE_ONLY___  
2026-07-05 16:57:30,299 INFO     ___FILE_ONLY___ organization
2026-07-05 16:57:30,299 INFO     ___FILE_ONLY___ 

2026-07-05 16:57:30,299 INFO     ___FILE_ONLY___ projectId
2026-07-05 16:57:30,299 INFO     ___FILE_ONLY___ :
2026-07-05 16:57:30,299 INFO     ___FILE_ONLY___  
2026-07-05 16:57:30,300 INFO     ___FILE_ONLY___ project-b38b370e-25fb-420a-a54
2026-07-05 16:57:30,300 INFO     ___FILE_ONLY___ 

2026-07-05 16:57:30,300 INFO     ___FILE_ONLY___ projectNumber
2026-07-05 16:57:30,300 INFO     ___FILE_ONLY___ :
2026-07-05 16:57:30,300 INFO     ___FILE_ONLY___  '
2026-07-05 16:57:30,300 INFO     ___FILE_ONLY___ 927061930480
2026-07-05 16:57:30,300 INFO     ___FILE_ONLY___ '
2026-07-05 16:57:30,300 INFO     ___FILE_ONLY___ 

2026-07-05 16:57:30,310 DEBUG    root            SDK update checks are disabled.
