2026-07-05 19:00:58,287 DEBUG    root            Loaded Command Group: ['gcloud', 'config']
2026-07-05 19:00:58,317 DEBUG    root            Loaded Command Group: ['gcloud', 'config', 'config_helper']
2026-07-05 19:00:58,320 DEBUG    root            Running [gcloud.config.config-helper] with arguments: [--format: "json", --min-expiry: "1800"]
2026-07-05 19:00:58,325 DEBUG    root            On GCE from server: True
2026-07-05 19:00:58,338 DEBUG    root            On GCE from memory cache: True
2026-07-05 19:00:58,351 DEBUG    root            On GCE from memory cache: True
2026-07-05 19:00:58,366 DEBUG    urllib3.connectionpool Starting new HTTP connection (1): metadata.google.internal:80
2026-07-05 19:00:58,367 DEBUG    urllib3.connectionpool http://metadata.google.internal:80 "GET /computeMetadata/v1/instance/service-accounts/927061930480-compute@developer.gserviceaccount.com/?recursive=true HTTP/1.1" 200 155
2026-07-05 19:00:58,371 DEBUG    urllib3.connectionpool http://metadata.google.internal:80 "GET /computeMetadata/v1/instance/service-accounts/default/token?scopes=https%3A%2F%2Fwww.googleapis.com%2Fauth%2Fcloud-platform%2Chttps%3A%2F%2Fwww.googleapis.com%2Fauth%2Fuserinfo.email HTTP/1.1" 200 863
2026-07-05 19:00:58,383 DEBUG    root            On GCE from memory cache: True
2026-07-05 19:00:58,414 DEBUG    root            Chosen display Format:default json
2026-07-05 19:00:58,415 INFO     root            Display format: "default json"
2026-07-05 19:00:58,469 INFO     ___FILE_ONLY___ {
  "configuration": {
    "active_configuration": "default",
    "properties": {
      "compute": {
        "region": "us-central1"
      },
      "core": {
        "account": "927061930480-compute@developer.gserviceaccount.com",
        "disable_usage_reporting": "True",
        "project": "project-b38b370e-25fb-420a-a54",
        "universe_domain": "googleapis.com"
      },
      "dataproc": {
        "region": "us-central1"
      }
    }
  },
  "credential": {
    "access_token": "ya29.c.c0AZ4bNpaUP8kkNLgig86pRCjEGiXvWu7QEqYUsuDWO6a5bzpbgCf6EReja2dQUS7ZkCmpv2Meky364yeFuGq54ZNdENNHw7iqUIp0Y3L-lM2eRh2uy0ftK9NhkYRwMZbIhLf0OA5h2WrvUV9r-_9TbFwlvJ9ecKLpaGljwLevy2ZsesPyQB0INaDdYUgQjgZgFlwg73r2-Balx9B_7Wiyoo-vdaLtN-pYwT7GfhRqmKRDMRfa8T1bC_8sB13ut6kScLcj9n666dTV41F3a1JsseueosPm9igWxqGoJEiIZGIBjvBW_OuPmZz7MpNaUNBwtPh0zBomPCeYgcP-BoJv_J_aObpMzbN_rcBWFb_Q7VIqJzU74FQyh_mvop-xdEyQNd8Wjyu4wBFGO7Z8-h6PnQE415DlB1Szhkd_dpxzzuhl-cuZ6FxF9cUd78R32pui7kh9kawFcWaa-4-qB8Z5wFd47-izkrag8UhqMFMrx5BWFzzssdxIlVO1shS_vBRc0lF4ZaQIn5JZhoJ26n-fQfpgs2buw-sSaasmlg8x2BIUO8olWFtutw8pd9ketwn797sgUU9VJJavpuMIOW9QtwYS7hwyw5Y0rIx3_ynUW-Xfnw0FOFu4kw03tRmm_0nQJ0nsUe70ZQVz9Rv7yiatptn7UVUaVYxJf74zkbJfr1Y91fx-t-iJ58quqUlznmZgsYdJRzxBxSvxtQ4VbBjZB7ZVWR-RByn0zJBl3Y99gchdbSR9i9Ysva2mmb168gOOetqappWn4935_IMz2onkQv3n9X7opiY_o0lw2-0UMMzdRlh8jIraiVla-eblrdS3SasvtSjBSpMcWxvdQMJp_QY2Fnb28mfr752w2iz9kBcuIMMpjjw2MUjei_j-0w4_QIs5f3Xyrzf0meQO1Q3h4qM-l6w124f03F__r7qp74taBOY5FccjopSFR8nJ61cMvhsuQ79WRm3U6Xv9Fcph7sMa-qWpzX1-7v9fxwOabu2ioyS6Sph_7Bm",
    "id_token": "eyJhbGciOiJSUzI1NiIsImtpZCI6ImYzNjE5MTM3MWM4YzRmZmQxNjI4NDZjZGU5MWE5Y2I0YzJiZWJhZTIiLCJ0eXAiOiJKV1QifQ.eyJhdWQiOiIzMjU1NTk0MDU1OS5hcHBzLmdvb2dsZXVzZXJjb250ZW50LmNvbSIsImF6cCI6IjEwNzMzNDUzMTg1MDI0NTgxOTY4MiIsImV4cCI6MTc4MzI4MTY1OCwiaWF0IjoxNzgzMjc4MDU4LCJpc3MiOiJodHRwczovL2FjY291bnRzLmdvb2dsZS5jb20iLCJzdWIiOiIxMDczMzQ1MzE4NTAyNDU4MTk2ODIifQ.GgoVJGPPySAzS0psoCqyAL8u_vVbh2sDZFeN2V4GfLxL9Kfu-pBrMNxsF3II0JX6WzsIh5lXkIaBESRIVycvi9LgdnOBDQiBqSrgpNnQtGVoR9CWiKyGYDEGZUyhXIRZmSZOIzmNAnrItM9KIpjJNJDjNYcRSycj711GrNJ3xMJ_EBRgfNvDfzVRzOPEDUlS6x38IWJnVmwoInSEgp6sMjO5TA-YnVImjxRWgmiZ1zS45jnxzfTcVF_boYFdeCiYhr_LPXNae9vYwssaB51jzSaBl2lfR8GT2jIV--pmg4a5aEPDfiOBWQZ8e7IrTrLnEeYEpzVN1RIQ89DygAlzsg",
    "regional_access_boundary": "0x7ffffffffffffffe",
    "regional_access_boundary_expiry": "2026-07-05T20:59:07Z",
    "token_expiry": "2026-07-05T19:35:04Z"
  },
  "sentinels": {
    "config_sentinel": "/home/jupyter/.config/gcloud/config_sentinel"
  }
}
2026-07-05 19:00:58,469 INFO     ___FILE_ONLY___ 

2026-07-05 19:00:58,479 DEBUG    root            SDK update checks are disabled.
