2026-07-12 20:09:37,457 DEBUG    root            Loaded Command Group: ['gcloud', 'config']
2026-07-12 20:09:37,483 DEBUG    root            Loaded Command Group: ['gcloud', 'config', 'config_helper']
2026-07-12 20:09:37,486 DEBUG    root            Running [gcloud.config.config-helper] with arguments: [--format: "json", --min-expiry: "1800"]
2026-07-12 20:09:37,487 DEBUG    root            On GCE from disk cache: True
2026-07-12 20:09:37,498 DEBUG    root            On GCE from memory cache: True
2026-07-12 20:09:37,511 DEBUG    root            On GCE from memory cache: True
2026-07-12 20:09:37,529 DEBUG    urllib3.connectionpool Starting new HTTP connection (1): metadata.google.internal:80
2026-07-12 20:09:37,531 DEBUG    urllib3.connectionpool http://metadata.google.internal:80 "GET /computeMetadata/v1/instance/service-accounts/927061930480-compute@developer.gserviceaccount.com/?recursive=true HTTP/1.1" 200 155
2026-07-12 20:09:37,535 DEBUG    urllib3.connectionpool http://metadata.google.internal:80 "GET /computeMetadata/v1/instance/service-accounts/default/token?scopes=https%3A%2F%2Fwww.googleapis.com%2Fauth%2Fcloud-platform%2Chttps%3A%2F%2Fwww.googleapis.com%2Fauth%2Fuserinfo.email HTTP/1.1" 200 869
2026-07-12 20:09:37,557 DEBUG    root            On GCE from memory cache: True
2026-07-12 20:09:37,595 DEBUG    root            Chosen display Format:default json
2026-07-12 20:09:37,595 INFO     root            Display format: "default json"
2026-07-12 20:09:37,645 INFO     ___FILE_ONLY___ {
  "configuration": {
    "active_configuration": "default",
    "properties": {
      "compute": {
        "region": "us-central1"
      },
      "core": {
        "account": "927061930480-compute@developer.gserviceaccount.com",
        "disable_usage_reporting": "True",
        "project": "project-b38b370e-25fb-420a-a54",
        "universe_domain": "googleapis.com"
      },
      "dataproc": {
        "region": "us-central1"
      }
    }
  },
  "credential": {
    "access_token": "ya29.c.c0AZ4bNpaliVqZPF2crovLrEMoT-QM7n4KNq8qw-h1eJtCmoB3vh2SH_3pHnVONnqeKMrhsVXWi-Gg9uaP2kdBUXzYgIwi2uud-YW6rzxJZbkSaZWHUPljJI6ORiSolu8tBg4Mp4ISf17xuxQFAr-9oZTEXPYfMlBxB9uoEHrAWO6ntUKymTZt5uTpbBk3SDcXSlQWBSHaiefT5xVSa6OZAU_gLgvIqZcDws7Mn0_XDnm_UCuMIBpYYYTghKBaNAvyCXZhSQ694H3FqYQXyZpdFLdWWwnqzkW0eQH7HvtaVnCw6a3gvk1kOKEQNFN3BE5rZLdg1Of5LLAEQ-w4w77lNvukkUHRgcbtoav5LBqfWP7310m2dFMMPkWRKOump5VCSDNwQFfkpk3S4e_Jn3P3IQG415KRwh5Qoc5f1_FqaZcpa4tp7_V7mbQckfvcOFus5mRVymj7kuXQwfhOX4953Zmt7SUbFW9mxu7imV93VsM0OO1Zlqjx0os0SVszI0bhx8r3W9O0jMwpqYnFQnqa1pJq7s2iXu1iF1vSovuq5bBY5808p6M0IUqlbm5tp9B7cm5aUU7J2rq6_WWk_oR1Ub2MQUlb5vkQ_WskFeoyZh7ItF2gJuQf-yjwMXnlpj_Vdr4k735sQ9WQ6agv_FhohJn3-o_nWdkWfd8-dz_8-vcgFmO6rBJmglloVk5-xU8ZUu9M-FnrV4-hYnIzcuiURkhStxmu9dQdh-Metc0mFr6vrXlWISnXzgBj09cFxi2MweipfuRhYIJSV_liF5Vc5OcIBp6s7mk6_qQMxagWnB3yptvndU7VczbRsUYyX-6M0i7uV4WygR8FgwtSma-ZYRfWf8eY_JQXZa01o2Mil7svX27vnV_-ms2Xd7V68rMu2p4qlmSp96-aI99q8zJ9IqUvm705_ta0ar-UjFFrfpBgtJyO58z6wJmzejzm0dvZl0ZU1RWXtix0Se9fR6mmxFUjYuifJfUznds2mm064XS13IBSlyo3jlW",
    "id_token": "eyJhbGciOiJSUzI1NiIsImtpZCI6ImJjOGY3YWY1OGRiNDRjZjZlYWEyZWQxMGVjODBmMzQwOGNmZGU0NjUiLCJ0eXAiOiJKV1QifQ.eyJhdWQiOiIzMjU1NTk0MDU1OS5hcHBzLmdvb2dsZXVzZXJjb250ZW50LmNvbSIsImF6cCI6IjEwNzMzNDUzMTg1MDI0NTgxOTY4MiIsImV4cCI6MTc4Mzg5MDU3NywiaWF0IjoxNzgzODg2OTc3LCJpc3MiOiJodHRwczovL2FjY291bnRzLmdvb2dsZS5jb20iLCJzdWIiOiIxMDczMzQ1MzE4NTAyNDU4MTk2ODIifQ.VN9r1-unuL9jYbedK_JUAcg2ScID3PZ-IiHKkWzJ32da4PS8LalwLzdQ9EIn2mtO46IbTJWMD3pRFN-6-JMDHjD4PHYg2OlQBTOJgxBweP4Osd3_-9qcGJB3EVadFXkcD5ouCCoiHYC-_V7nfuD1aze-59qSmJnCSlvTekdjX0N8WYlXWF3JI_EAWbatO-b3e5I0lwysy5hLG2q42RnZlZGy4XWoz0rkEhkBeBHJu7zMaiNjBNWAeozpaM8e1vkhMh-ZF-ZbvuXxDFGImCYY-alW3jZqzwI1DC9bH-bD28H_qNe4eI2wioYsIXFrTNBDgf7T3IM2gTVgGn8ZfC5XbQ",
    "regional_access_boundary": "0x7ffffffffffffffe",
    "regional_access_boundary_expiry": "2026-07-13T01:29:26Z",
    "token_expiry": "2026-07-12T20:28:06Z"
  },
  "sentinels": {
    "config_sentinel": "/home/jupyter/.config/gcloud/config_sentinel"
  }
}
2026-07-12 20:09:37,646 INFO     ___FILE_ONLY___ 

2026-07-12 20:09:37,655 DEBUG    root            SDK update checks are disabled.
