2026-07-12 20:56:56,381 DEBUG    root            Loaded Command Group: ['gcloud', 'config']
2026-07-12 20:56:56,404 DEBUG    root            Loaded Command Group: ['gcloud', 'config', 'config_helper']
2026-07-12 20:56:56,407 DEBUG    root            Running [gcloud.config.config-helper] with arguments: [--format: "json", --min-expiry: "1800"]
2026-07-12 20:56:56,410 DEBUG    root            On GCE from server: True
2026-07-12 20:56:56,420 DEBUG    root            On GCE from memory cache: True
2026-07-12 20:56:56,480 DEBUG    root            On GCE from memory cache: True
2026-07-12 20:56:56,494 DEBUG    urllib3.connectionpool Starting new HTTP connection (1): metadata.google.internal:80
2026-07-12 20:56:56,495 DEBUG    urllib3.connectionpool http://metadata.google.internal:80 "GET /computeMetadata/v1/instance/service-accounts/927061930480-compute@developer.gserviceaccount.com/?recursive=true HTTP/1.1" 200 155
2026-07-12 20:56:56,499 DEBUG    urllib3.connectionpool http://metadata.google.internal:80 "GET /computeMetadata/v1/instance/service-accounts/default/token?scopes=https%3A%2F%2Fwww.googleapis.com%2Fauth%2Fcloud-platform%2Chttps%3A%2F%2Fwww.googleapis.com%2Fauth%2Fuserinfo.email HTTP/1.1" 200 868
2026-07-12 20:56:56,511 DEBUG    root            On GCE from memory cache: True
2026-07-12 20:56:56,539 DEBUG    root            Chosen display Format:default json
2026-07-12 20:56:56,539 INFO     root            Display format: "default json"
2026-07-12 20:56:56,587 INFO     ___FILE_ONLY___ {
  "configuration": {
    "active_configuration": "default",
    "properties": {
      "compute": {
        "region": "us-central1"
      },
      "core": {
        "account": "927061930480-compute@developer.gserviceaccount.com",
        "disable_usage_reporting": "True",
        "project": "project-b38b370e-25fb-420a-a54",
        "universe_domain": "googleapis.com"
      },
      "dataproc": {
        "region": "us-central1"
      }
    }
  },
  "credential": {
    "access_token": "ya29.c.c0AZ4bNpZ4LksA6OOLlKihyCaepv90PqmT1JwDws-dKY17ED6q4JmTbHvlHSLN9hBnAEJZ6zZLJ4-oILvZluaEirxtlhnxrld_k7iHyPy72jcSerQLWYZ3Bn3MufHxIkaKNXmwwCvt-ogowxhHo1PVtVEySFLUIO2dl2gUGCpogFTI5E36YvrJfFTgLPvyc9fBs8ivzqEekuRPi3sK-ONblBiTyJ93ITwVGsYGmsjv-7J5X2OqYZ_dwICZyX21fcrl9OSjuttNxwwa8yQrNgzv8u62FKKGdDCQq66p45m_2-0Cite4EXyAoUhKPZXeptJSLmRy__sXaveVVWn_sPfYRJ0MS8XtVFLcBIlzXUMFepi_BjiSlAU4Won2qpRI1ebsSpRwrT87eg_vRSDi0A-AH413PMWRvyFSOyVp1ZOhF17j38fdpe4XrYJ8Wgqx3XdOnydgvxWe_b9IeJh-16ck-sZ6YiRlQzbeSm6oJdw4mImny2OBJdqWgxBMtyhYiMRu3reVIr4k0myVX-5h627z6zv1l159awp6xBqmhc1_wZBdFdrRt9dMikJZFgvw6qr0ft8a16rO2_UWmrqSfI6wzmxIbv0-laWrjsOe8U-hZX06ISmqbbeoZFB8Qby6jdmR3-7Y7ZqtlYc2_eB1cUZ8h7tJxIdXaQulJmrzhvV02pUXW69wqlgptbvQW-yVfFruor0o0il4U5Vj5b-RpdBav7ubQvmgxysMi2FJzbjBeyJYe82rscY9tYcfvSbVRQp3z2aZ_ecaI-6ZYX_StrO6Sn9sRnXqRMwFv4VVbytnUtlXOwyW_anucpik2qBQZpeZR2JnoyQ6efZv1_feU8g82yY6Oy0n-qcsbeo64Vyo-r7tz9pRazu9dBUwJtXfUssxa4tu6V6VFtse3-312oeSj4tfBqh-irmt5qZesgjv4JzznbQziusqb4OwZnFm5Sn6Zmw994iOp-jYvOv661rh1dl_814kxMB3haelmxZtQUgFa5dpswlpc8O",
    "id_token": "eyJhbGciOiJSUzI1NiIsImtpZCI6ImJjOGY3YWY1OGRiNDRjZjZlYWEyZWQxMGVjODBmMzQwOGNmZGU0NjUiLCJ0eXAiOiJKV1QifQ.eyJhdWQiOiIzMjU1NTk0MDU1OS5hcHBzLmdvb2dsZXVzZXJjb250ZW50LmNvbSIsImF6cCI6IjEwNzMzNDUzMTg1MDI0NTgxOTY4MiIsImV4cCI6MTc4Mzg5MzQxNiwiaWF0IjoxNzgzODg5ODE2LCJpc3MiOiJodHRwczovL2FjY291bnRzLmdvb2dsZS5jb20iLCJzdWIiOiIxMDczMzQ1MzE4NTAyNDU4MTk2ODIifQ.qnHn4D5SWPQASjXwJtsVkgfLXt_0-CMiyrfdKUCN5G2RjSI91s7CA3h-BLd9pVEJgIoyLsb0RLw3PrlVscOx8NYsw-tlFUiSHKC09X7RxSgeZ51gGsgxm_AaeNzpcvIbcw3pUFvjqaHg6nbJEOvHFMlHVo8ExDxsLJdO4hEkwLRWQ8DfQ2FAuPRDsxOuEIQ4aL6DwDw7yChi7CN8qrcwvAz1MS70FErYfKjZzWEWwiAoT6AVsnPpLcqMEi9V99NFiVFmCYDXEc0comydgVM2t-VClqBrPBGwdwJsItLM22yaANxzmH8UsxTBR5NV2IPEH6q-TEMl4DwRR5U_CShbeA",
    "regional_access_boundary": "0x7ffffffffffffffe",
    "regional_access_boundary_expiry": "2026-07-13T01:29:26Z",
    "token_expiry": "2026-07-12T21:33:30Z"
  },
  "sentinels": {
    "config_sentinel": "/home/jupyter/.config/gcloud/config_sentinel"
  }
}
2026-07-12 20:56:56,587 INFO     ___FILE_ONLY___ 

2026-07-12 20:56:56,596 DEBUG    root            SDK update checks are disabled.
