2026-07-12 21:17:04,676 DEBUG    root            Loaded Command Group: ['gcloud', 'config']
2026-07-12 21:17:04,699 DEBUG    root            Loaded Command Group: ['gcloud', 'config', 'config_helper']
2026-07-12 21:17:04,702 DEBUG    root            Running [gcloud.config.config-helper] with arguments: [--format: "json", --min-expiry: "1800"]
2026-07-12 21:17:04,706 DEBUG    root            On GCE from server: True
2026-07-12 21:17:04,716 DEBUG    root            On GCE from memory cache: True
2026-07-12 21:17:04,727 DEBUG    root            On GCE from memory cache: True
2026-07-12 21:17:04,742 DEBUG    urllib3.connectionpool Starting new HTTP connection (1): metadata.google.internal:80
2026-07-12 21:17:04,744 DEBUG    urllib3.connectionpool http://metadata.google.internal:80 "GET /computeMetadata/v1/instance/service-accounts/927061930480-compute@developer.gserviceaccount.com/?recursive=true HTTP/1.1" 200 155
2026-07-12 21:17:04,747 DEBUG    urllib3.connectionpool http://metadata.google.internal:80 "GET /computeMetadata/v1/instance/service-accounts/default/token?scopes=https%3A%2F%2Fwww.googleapis.com%2Fauth%2Fcloud-platform%2Chttps%3A%2F%2Fwww.googleapis.com%2Fauth%2Fuserinfo.email HTTP/1.1" 200 867
2026-07-12 21:17:04,760 DEBUG    root            On GCE from memory cache: True
2026-07-12 21:17:04,784 DEBUG    root            Chosen display Format:default json
2026-07-12 21:17:04,785 INFO     root            Display format: "default json"
2026-07-12 21:17:04,834 INFO     ___FILE_ONLY___ {
  "configuration": {
    "active_configuration": "default",
    "properties": {
      "compute": {
        "region": "us-central1"
      },
      "core": {
        "account": "927061930480-compute@developer.gserviceaccount.com",
        "disable_usage_reporting": "True",
        "project": "project-b38b370e-25fb-420a-a54",
        "universe_domain": "googleapis.com"
      },
      "dataproc": {
        "region": "us-central1"
      }
    }
  },
  "credential": {
    "access_token": "ya29.c.c0AZ4bNpZ4LksA6OOLlKihyCaepv90PqmT1JwDws-dKY17ED6q4JmTbHvlHSLN9hBnAEJZ6zZLJ4-oILvZluaEirxtlhnxrld_k7iHyPy72jcSerQLWYZ3Bn3MufHxIkaKNXmwwCvt-ogowxhHo1PVtVEySFLUIO2dl2gUGCpogFTI5E36YvrJfFTgLPvyc9fBs8ivzqEekuRPi3sK-ONblBiTyJ93ITwVGsYGmsjv-7J5X2OqYZ_dwICZyX21fcrl9OSjuttNxwwa8yQrNgzv8u62FKKGdDCQq66p45m_2-0Cite4EXyAoUhKPZXeptJSLmRy__sXaveVVWn_sPfYRJ0MS8XtVFLcBIlzXUMFepi_BjiSlAU4Won2qpRI1ebsSpRwrT87eg_vRSDi0A-AH413PMWRvyFSOyVp1ZOhF17j38fdpe4XrYJ8Wgqx3XdOnydgvxWe_b9IeJh-16ck-sZ6YiRlQzbeSm6oJdw4mImny2OBJdqWgxBMtyhYiMRu3reVIr4k0myVX-5h627z6zv1l159awp6xBqmhc1_wZBdFdrRt9dMikJZFgvw6qr0ft8a16rO2_UWmrqSfI6wzmxIbv0-laWrjsOe8U-hZX06ISmqbbeoZFB8Qby6jdmR3-7Y7ZqtlYc2_eB1cUZ8h7tJxIdXaQulJmrzhvV02pUXW69wqlgptbvQW-yVfFruor0o0il4U5Vj5b-RpdBav7ubQvmgxysMi2FJzbjBeyJYe82rscY9tYcfvSbVRQp3z2aZ_ecaI-6ZYX_StrO6Sn9sRnXqRMwFv4VVbytnUtlXOwyW_anucpik2qBQZpeZR2JnoyQ6efZv1_feU8g82yY6Oy0n-qcsbeo64Vyo-r7tz9pRazu9dBUwJtXfUssxa4tu6V6VFtse3-312oeSj4tfBqh-irmt5qZesgjv4JzznbQziusqb4OwZnFm5Sn6Zmw994iOp-jYvOv661rh1dl_814kxMB3haelmxZtQUgFa5dpswlpc8O",
    "id_token": "eyJhbGciOiJSUzI1NiIsImtpZCI6ImJjOGY3YWY1OGRiNDRjZjZlYWEyZWQxMGVjODBmMzQwOGNmZGU0NjUiLCJ0eXAiOiJKV1QifQ.eyJhdWQiOiIzMjU1NTk0MDU1OS5hcHBzLmdvb2dsZXVzZXJjb250ZW50LmNvbSIsImF6cCI6IjEwNzMzNDUzMTg1MDI0NTgxOTY4MiIsImV4cCI6MTc4Mzg5NDYyNCwiaWF0IjoxNzgzODkxMDI0LCJpc3MiOiJodHRwczovL2FjY291bnRzLmdvb2dsZS5jb20iLCJzdWIiOiIxMDczMzQ1MzE4NTAyNDU4MTk2ODIifQ.FhLXOEqdvAFctJsM2CHLXtJGdhicx-xtx_qMLmDe0LCBmDbjKHRKod7x2u31HTUq094HFuLLUcY9Bray9T3G6wld3k6Jw7qzGj5pVKwtAJtECBnz78mVeOIfHPilYQIzAUJ4Oamqu975DdgaEODzreazBleT6ympSus_IFHIZgVfjaMFwYRnvXWGoOnMBuMTAY-knu64eeb_JsLWs_67V250CRyqg0pu1fU-P1WPDletti9lUOQdy9CNpFxomrYKShwSnDot0faJCElvN13MsKBYgtiUyO0iSiHv2zxsWha7aqHDjVFLenWu9Xb-5ppvC1XfVDNonShU_gLQuDEeDg",
    "regional_access_boundary": "0x7ffffffffffffffe",
    "regional_access_boundary_expiry": "2026-07-13T01:29:26Z",
    "token_expiry": "2026-07-12T21:33:30Z"
  },
  "sentinels": {
    "config_sentinel": "/home/jupyter/.config/gcloud/config_sentinel"
  }
}
2026-07-12 21:17:04,834 INFO     ___FILE_ONLY___ 

2026-07-12 21:17:04,844 DEBUG    root            SDK update checks are disabled.
