2026-07-22 14:44:23,329 DEBUG    root            Loaded Command Group: ['gcloud', 'config']
2026-07-22 14:44:23,357 DEBUG    root            Loaded Command Group: ['gcloud', 'config', 'config_helper']
2026-07-22 14:44:23,359 DEBUG    root            Running [gcloud.config.config-helper] with arguments: [--format: "json", --min-expiry: "1800"]
2026-07-22 14:44:23,364 DEBUG    root            On GCE from server: True
2026-07-22 14:44:23,377 DEBUG    root            On GCE from memory cache: True
2026-07-22 14:44:23,390 DEBUG    root            On GCE from memory cache: True
2026-07-22 14:44:23,405 DEBUG    urllib3.connectionpool Starting new HTTP connection (1): metadata.google.internal:80
2026-07-22 14:44:23,408 DEBUG    urllib3.connectionpool http://metadata.google.internal:80 "GET /computeMetadata/v1/instance/service-accounts/927061930480-compute@developer.gserviceaccount.com/?recursive=true HTTP/1.1" 200 155
2026-07-22 14:44:23,412 DEBUG    urllib3.connectionpool http://metadata.google.internal:80 "GET /computeMetadata/v1/instance/service-accounts/default/token?scopes=https%3A%2F%2Fwww.googleapis.com%2Fauth%2Fcloud-platform%2Chttps%3A%2F%2Fwww.googleapis.com%2Fauth%2Fuserinfo.email HTTP/1.1" 200 868
2026-07-22 14:44:23,424 DEBUG    root            On GCE from memory cache: True
2026-07-22 14:44:23,460 DEBUG    root            Chosen display Format:default json
2026-07-22 14:44:23,460 INFO     root            Display format: "default json"
2026-07-22 14:44:23,517 INFO     ___FILE_ONLY___ {
  "configuration": {
    "active_configuration": "default",
    "properties": {
      "compute": {
        "region": "us-central1"
      },
      "core": {
        "account": "927061930480-compute@developer.gserviceaccount.com",
        "disable_usage_reporting": "True",
        "project": "project-b38b370e-25fb-420a-a54",
        "universe_domain": "googleapis.com"
      },
      "dataproc": {
        "region": "us-central1"
      }
    }
  },
  "credential": {
    "access_token": "ya29.c.c0AZ4bNpbPTWraJaVQ-dYm46a0g8ChAGXg4QK1wZWOWC9OodueFqw-tlql_UuK6Ng1z00NvtkoMvUtlbXEKhCu_KAlt_0k0bewcdF8FXl7EuNHEClYVZoip1UHCw0Wh7SB7qv5q_IDA4ns0Jad2_t38U899HzQPXDiDyYO4ottRwjt31sygpfjzBR7YtcIkh4nRauW1cw1K3iXVNIbaxoldC2BFuC-8gKSolovJyzxE9fmiSux4JQUjSEyQ78-SqwGmI5TJGu4xWRdKJPVJ6gRZ3w0mcU643f71jA7mdneXUmybwBqI-wPq00ZZtbxhIa4N7icw2V4PDWEDZBjPwHLzk-BSZG4YWI3oHkLx-8UbrhgD_vgHqcbu09nooM9QV6tUio4HxY5wAnZ71mhw2TtG413PdWd01ioJzMQhv66Uqi835YvQIX6-YWR5qrquUtvQFRecfYgdBY4r9x_QtxYURnJocmwbUZUtkwv6XmdI0i5F4hIeSflfu-2VdrzZg-riwZv_1Qwmwa5p_Jfc8W59Oe3BoM0tIZb5UtQFkVpe4xwt8f9F3uBd_oQ57ufZ01M8B6QwQapYs76YQ1mkbJ_x9iY0JiqucdjfQuz11bVxx9p55Fz99ftxX_gF8W9yq9b-Qhyb0X-teW49kfWevwbt0QI_Owru4xdgIrg6eyJ366U9iaa6Yt_ShOORYMoz1oZaB5WJzjr14Yo_v24fSXVwMSagFx2-_5p-chrX8Rl7emYfrId685cMpm6_Jsl18bQ2rVezbeaVOaOUWOtQ0gnUUby3iOOodQZjtuolJQ5t6-o0JsWbXbgxOR0p8MWjx-ofFnbRdzM7p3xVQxs0fug0b1W16-gz5BymlkY2qc8QgMwuxJIhMYz1ouBrZ9zZgw4fwc8X1ygM9Yej2bV65n7eh5R79Vxt6OxhmJ1W374_k-aFO13bh-_1d0l5ulj53r4vwRO9w893JpfbnUrqiz9-s0cIVWF2eZtJdQ46XYVf2rpuJSI-UchI_Z",
    "id_token": "eyJhbGciOiJSUzI1NiIsImtpZCI6IjU4OTYyMjUzMjk3OTQzNDZiMDYzOWU2ZjlkN2JkOGJjZTI5NTRmZDIiLCJ0eXAiOiJKV1QifQ.eyJhdWQiOiIzMjU1NTk0MDU1OS5hcHBzLmdvb2dsZXVzZXJjb250ZW50LmNvbSIsImF6cCI6IjEwNzMzNDUzMTg1MDI0NTgxOTY4MiIsImV4cCI6MTc4NDczNTA2MywiaWF0IjoxNzg0NzMxNDYzLCJpc3MiOiJodHRwczovL2FjY291bnRzLmdvb2dsZS5jb20iLCJzdWIiOiIxMDczMzQ1MzE4NTAyNDU4MTk2ODIifQ.L-KE6szZ20CeLC-h7tusWVDubIcBfe7k__czY3lUUXxBlszn9tGaRvoyhuvnEqBjCodPTn9WwIzCtnzfcjifL5thpEBlA1CM9myarPE_QwaBfpocBPIaAXhlhLYyHABcj6WIyMmnENib_II9ARB36JOdyR_O7IIDL5OXwIfUfl57DIy019qG1D-SUHsayN46Z3QVhKs5Zy2tlXzzJ7BKRSq9PUbox98Z4IcpSh2sXnIw6Xcx4pER7dPkByWsq_lgPwlhRhdE3SADNnvLY8TvMGKyIgosUErDJJTA63WLCOrwuoAbh9F9t64uGKr8wsd6k-QuJfUXrjj1t7JnB15DQA",
    "regional_access_boundary": "0x7ffffffffffffffe",
    "regional_access_boundary_expiry": "2026-07-22T19:55:19Z",
    "token_expiry": "2026-07-22T14:53:42Z"
  },
  "sentinels": {
    "config_sentinel": "/home/jupyter/.config/gcloud/config_sentinel"
  }
}
2026-07-22 14:44:23,517 INFO     ___FILE_ONLY___ 

2026-07-22 14:44:23,527 DEBUG    root            SDK update checks are disabled.
