2026-07-22 16:16:41,667 DEBUG    root            Loaded Command Group: ['gcloud', 'config']
2026-07-22 16:16:41,713 DEBUG    root            Loaded Command Group: ['gcloud', 'config', 'config_helper']
2026-07-22 16:16:41,718 DEBUG    root            Running [gcloud.config.config-helper] with arguments: [--format: "json", --min-expiry: "1800"]
2026-07-22 16:16:41,718 DEBUG    root            On GCE from disk cache: True
2026-07-22 16:16:41,733 DEBUG    root            On GCE from memory cache: True
2026-07-22 16:16:41,755 DEBUG    root            On GCE from memory cache: True
2026-07-22 16:16:41,763 DEBUG    urllib3.connectionpool Starting new HTTP connection (1): metadata.google.internal:80
2026-07-22 16:16:41,766 DEBUG    urllib3.connectionpool http://metadata.google.internal:80 "GET /computeMetadata/v1/instance/service-accounts/927061930480-compute@developer.gserviceaccount.com/?recursive=true HTTP/1.1" 200 155
2026-07-22 16:16:41,775 DEBUG    urllib3.connectionpool http://metadata.google.internal:80 "GET /computeMetadata/v1/instance/service-accounts/default/token?scopes=https%3A%2F%2Fwww.googleapis.com%2Fauth%2Fcloud-platform%2Chttps%3A%2F%2Fwww.googleapis.com%2Fauth%2Fuserinfo.email HTTP/1.1" 200 871
2026-07-22 16:16:41,786 DEBUG    root            On GCE from memory cache: True
2026-07-22 16:16:41,827 DEBUG    root            Chosen display Format:default json
2026-07-22 16:16:41,828 INFO     root            Display format: "default json"
2026-07-22 16:16:41,951 INFO     ___FILE_ONLY___ {
  "configuration": {
    "active_configuration": "default",
    "properties": {
      "compute": {
        "region": "us-central1"
      },
      "core": {
        "account": "927061930480-compute@developer.gserviceaccount.com",
        "disable_usage_reporting": "True",
        "project": "project-b38b370e-25fb-420a-a54",
        "universe_domain": "googleapis.com"
      },
      "dataproc": {
        "region": "us-central1"
      }
    }
  },
  "credential": {
    "access_token": "ya29.c.c0AZ4bNpY86LXMAN7dLa-ylPfDttstITG3EcfArMEM44onVjzlYsdxGZmpLWQAIQTEVWTBGxbqwNg9CecgbCmPgOv9iVxJBZdxE1qvZs2ahJwiXyL3VpGB8hchWf5md_roGPmVMjmdyv4eWbuoIJk0rPiEu0ZCU1JCBn1paqtTbN3dNR5EfCQ7MQp-h2gbdKplpdE6bJoR9KsIBOKFV_yfJlQdGyzRZKcea1Eh7HQbgM6Hj0xNfuoUHpE7EWhSLCTIA2f17OS-vJWDMhPSCiSVWd_3EdsnA-ffau98AEwQyJ5ly_UsefW54-XBkgy350cTQ-hKCPG_fyF_nnAtWQm3GLR6ZEctR5Ka6ueR_OTPSDSew3hFK5xnqQKNVpf2C_WG3wrvz27JB31JiHKNPHMRop4T416PXq_gO42kpgbirMOOjj85gfoXslXh02fbpxRebtdr6RQZp3uMFuhdk5k_xzile0eUB2dQfmqrhj7SRSwplpbUZcfk2vZFU_whBxSrXVFuFR1gqjhSsbtOatmggstyv-4fnoFeB-jWMeSbWt74_i83eQeWflwnvvOc97p-faQZX5xsJkS8WB1WvWde4r626hyxXMwdY4MOr9miX0fy0Z2JdXoywM-Yo9asmd4jWb4z5Io1-mrpUXv8S730OW4WI_acFJ610_eiivpVgaXWs38XzUxfplXlte-BQFzF2XkvmJyyrj10Jiu5ooo1sykrwZO7WOgMZrI7bBiM16qWXq8uxZoUiSx3uzp0jcMUirgFMVqSJnnOlhns3fvpSS5aOzhQQnu6vh22IxuxV3lkV0YrF9Y3wzx0uZ4OUdY7FuyvXnZIOwxOmvlnoBxZygd91W7ws66Y855lqWc1tUsg_n7VFohpox-jFppe2zZ1Vtq2py42Qw8u4h8Fe-ipBvZ_pxzwf3w_iRQ6Y9niW2Fc2J0lqeSW4t28yeiF4WJ9d-3Qe72w_rR74iRFqSis45Qk4Z6eh8c4c_-524gMgw2v2QliJ2YSB-R",
    "id_token": "eyJhbGciOiJSUzI1NiIsImtpZCI6IjU4OTYyMjUzMjk3OTQzNDZiMDYzOWU2ZjlkN2JkOGJjZTI5NTRmZDIiLCJ0eXAiOiJKV1QifQ.eyJhdWQiOiIzMjU1NTk0MDU1OS5hcHBzLmdvb2dsZXVzZXJjb250ZW50LmNvbSIsImF6cCI6IjEwNzMzNDUzMTg1MDI0NTgxOTY4MiIsImV4cCI6MTc4NDc0MDYwMSwiaWF0IjoxNzg0NzM3MDAxLCJpc3MiOiJodHRwczovL2FjY291bnRzLmdvb2dsZS5jb20iLCJzdWIiOiIxMDczMzQ1MzE4NTAyNDU4MTk2ODIifQ.Lz9vGA7bqxweO4YOTefDMucGRuOj1YUQwZB2B5ukM6o2oIvIEM_wMQwOhoT3oIqr-5Mw6btCBE98OjiJVqSkYpc0ZPt9XHdEXCqzZ2YBAUmp-ZMxDvpFviUvszoCfSrOp_gs1B4-9PUKpdy_Vo7hkrr7gnpjzLKFwHOTcxNx9lSPwnQArhxKy7Y36Bek9mYbnz4-6C2ggW2csiv01t6K1m5X8Zxw3E1KeExOH-DM6JpM3j1SiTnQg38CkbkiLpfNRYp6jNCl56hwk3MWY9OaiN9YIHJINEKGPVy6iIyHv7UsJOqBNve7hwMfY8f4MKzMe5kHkNnZg0W8fI3c3pm3fg",
    "regional_access_boundary": "0x7ffffffffffffffe",
    "regional_access_boundary_expiry": "2026-07-22T19:55:19Z",
    "token_expiry": "2026-07-22T16:44:21Z"
  },
  "sentinels": {
    "config_sentinel": "/home/jupyter/.config/gcloud/config_sentinel"
  }
}
2026-07-22 16:16:41,951 INFO     ___FILE_ONLY___ 

2026-07-22 16:16:41,962 DEBUG    root            SDK update checks are disabled.
