2026-07-22 16:46:00,168 DEBUG    root            Loaded Command Group: ['gcloud', 'compute']
2026-07-22 16:46:00,809 DEBUG    root            Loaded Command Group: ['gcloud', 'compute', 'ssh']
2026-07-22 16:46:00,812 DEBUG    root            On GCE from disk cache: True
2026-07-22 16:46:00,827 DEBUG    root            Running [gcloud.compute.ssh] with arguments: [[USER@]INSTANCE: "instance-20260626-205151"]
2026-07-22 16:46:00,830 DEBUG    root            On GCE from memory cache: True
2026-07-22 16:46:01,439 WARNING  root            The private SSH key file for gcloud does not exist.
2026-07-22 16:46:01,440 WARNING  root            The public SSH key file for gcloud does not exist.
2026-07-22 16:46:01,440 WARNING  root            You do not have an SSH key for gcloud.
2026-07-22 16:46:01,440 WARNING  root            SSH keygen will be executed to generate a key.
2026-07-22 16:46:23,565 DEBUG    root            Running command [/usr/bin/ssh-keygen -t rsa -f /home/jupyter/.ssh/google_compute_engine].
2026-07-22 16:46:23,565 DEBUG    root            Executing command: ['/usr/bin/ssh-keygen', '-t', 'rsa', '-f', '/home/jupyter/.ssh/google_compute_engine']
2026-07-22 16:46:46,628 DEBUG    urllib3.connectionpool Starting new HTTPS connection (1): compute.googleapis.com:443
2026-07-22 16:46:46,831 DEBUG    urllib3.connectionpool https://compute.googleapis.com:443 "GET /compute/v1/projects/project-b38b370e-25fb-420a-a54/zones/us-central1-a/instances/instance-20260626-205151?alt=json HTTP/1.1" 403 None
2026-07-22 16:46:46,837 DEBUG    root            Chosen display Format:list[title="Could not fetch resource:",always-display-title]
2026-07-22 16:46:46,838 DEBUG    root            (gcloud.compute.ssh) Could not fetch resource:
 - Required 'compute.instances.get' permission for 'projects/project-b38b370e-25fb-420a-a54/zones/us-central1-a/instances/instance-20260626-205151'
Traceback (most recent call last):
  File "/usr/bin/../lib/google-cloud-sdk/lib/googlecloudsdk/calliope/cli.py", line 941, in Execute
    resources = calliope_command.Run(cli=self, args=args)
  File "/usr/bin/../lib/google-cloud-sdk/lib/googlecloudsdk/calliope/backend.py", line 968, in Run
    resources = command_instance.Run(args)
  File "/usr/bin/../lib/google-cloud-sdk/lib/surface/compute/ssh.py", line 348, in Run
    instance = ssh_helper.GetInstance(client, instance_ref)
  File "/usr/bin/../lib/google-cloud-sdk/lib/googlecloudsdk/command_lib/compute/ssh_utils.py", line 606, in GetInstance
    return client.MakeRequests([request])[0]
           ~~~~~~~~~~~~~~~~~~~^^^^^^^^^^^
  File "/usr/bin/../lib/google-cloud-sdk/lib/googlecloudsdk/api_lib/compute/client_adapter.py", line 156, in MakeRequests
    utils.RaiseToolException(
    ~~~~~~~~~~~~~~~~~~~~~~~~^
        errors, error_message='Could not fetch resource:')
        ^^^^^^^^^^^^^^^^^^^^^^^^^^^^^^^^^^^^^^^^^^^^^^^^^^
  File "/usr/bin/../lib/google-cloud-sdk/lib/googlecloudsdk/api_lib/compute/utils.py", line 136, in RaiseToolException
    RaiseException(problems, calliope_exceptions.ToolException, error_message)
    ~~~~~~~~~~~~~~^^^^^^^^^^^^^^^^^^^^^^^^^^^^^^^^^^^^^^^^^^^^^^^^^^^^^^^^^^^^
  File "/usr/bin/../lib/google-cloud-sdk/lib/googlecloudsdk/api_lib/compute/utils.py", line 145, in RaiseException
    raise exception(
        ConstructList(error_message or 'Some requests did not succeed:',
                      ParseErrors(errors)))
googlecloudsdk.calliope.exceptions.ToolException: Could not fetch resource:
 - Required 'compute.instances.get' permission for 'projects/project-b38b370e-25fb-420a-a54/zones/us-central1-a/instances/instance-20260626-205151'

2026-07-22 16:46:47,055 ERROR    root            (gcloud.compute.ssh) Could not fetch resource:
 - Required 'compute.instances.get' permission for 'projects/project-b38b370e-25fb-420a-a54/zones/us-central1-a/instances/instance-20260626-205151'

