2026-07-22 20:05:53,508 DEBUG    root            Loaded Command Group: ['gcloud', 'config']
2026-07-22 20:05:53,535 DEBUG    root            Loaded Command Group: ['gcloud', 'config', 'config_helper']
2026-07-22 20:05:53,538 DEBUG    root            Running [gcloud.config.config-helper] with arguments: [--format: "json", --min-expiry: "1800"]
2026-07-22 20:05:53,543 DEBUG    root            On GCE from server: True
2026-07-22 20:05:53,561 DEBUG    root            On GCE from memory cache: True
2026-07-22 20:05:53,580 DEBUG    root            On GCE from memory cache: True
2026-07-22 20:05:53,605 DEBUG    urllib3.connectionpool Starting new HTTP connection (1): metadata.google.internal:80
2026-07-22 20:05:53,608 DEBUG    urllib3.connectionpool http://metadata.google.internal:80 "GET /computeMetadata/v1/instance/service-accounts/927061930480-compute@developer.gserviceaccount.com/?recursive=true HTTP/1.1" 200 155
2026-07-22 20:05:53,613 DEBUG    urllib3.connectionpool http://metadata.google.internal:80 "GET /computeMetadata/v1/instance/service-accounts/default/token?scopes=https%3A%2F%2Fwww.googleapis.com%2Fauth%2Fcloud-platform%2Chttps%3A%2F%2Fwww.googleapis.com%2Fauth%2Fuserinfo.email HTTP/1.1" 200 871
2026-07-22 20:05:53,639 DEBUG    root            On GCE from memory cache: True
2026-07-22 20:05:53,706 DEBUG    root            Chosen display Format:default json
2026-07-22 20:05:53,706 INFO     root            Display format: "default json"
2026-07-22 20:05:53,776 INFO     ___FILE_ONLY___ {
  "configuration": {
    "active_configuration": "default",
    "properties": {
      "compute": {
        "region": "us-central1"
      },
      "core": {
        "account": "927061930480-compute@developer.gserviceaccount.com",
        "disable_usage_reporting": "True",
        "project": "project-b38b370e-25fb-420a-a54",
        "universe_domain": "googleapis.com"
      },
      "dataproc": {
        "region": "us-central1"
      }
    }
  },
  "credential": {
    "access_token": "ya29.c.c0AZ4bNpaMUtBKz_w9H9fe3tBRcBolXrl1oedlA0edIlGVg6ZNWoZgdHLFleQFRCoWl9moHn_RSbUsaLxcKgg1q-ImpnXGgSN0xnV4cU9gzT0c2moda7sxb09C9UQu7YtWm_2IHLB8Jh0lFJsUaXvCKsSM_LTGRpNGZQ-Q3kMsEYA3NVUwbQBetQFXDFY8D7b1hVDBz9o9UIZ2mIfaCxa4BZSIQQr_nU15alHk5BOATIhqKLlF6Q6SJgnhRmD8o4gUH3GE8wofJkOitdVYnsHf3YpNNwZyGKYLpRs2FnO2jDDhJdyA5Ys7kvdEsPMgQZC4rPqSrP1WArzVK_rEntHUBd2awScnDmMVLRJ7Dr2g0Fol69pfp5Yu7z3yovRfaiRgFqir42-V-Dlu7Fvw5c2-rgL415AfMBw0VJUexhjV4o-dFoFeSkUmXSeq-bVtBeq3hmbmhueWmsUSg2vOSb_hUOwRsWjVtblrywtpqxQtcByff0smXs_jeFfQd7VhmZYz4q8wI2b0_IWbUz_8-0ambInQplMRiyqw21MB_qorcWRrqxi98Y-ZMuOsWmUw5oj2ltYr1WiueZsWMd6hVFra_32ef_lrBWZr5-oif3VvWtanRd4ucO7YlZSuIMOj2faFd1dU-nx6Ost93_wvezesXSZB1qZyWkwWp9kh3z3nFoYic1c4MxZ5etBe21qdpZJwbQ8u-pssfvW91_cncsQ_BWSXY9kq-1eIVUMUUYx2ZImnuSFBp9tvf4bVOFn1YeSibOQ9JBuoXrf3g2hFBcr-u_pO27snsM74qoB-JptkuWU3RMZ8S7ore5vznVS75U4Z53S6_auQxgw07iWmjYdWqoomq3U_R7bhBWZoxvjdFWhrivqmdB6zzOmqSJQF5ZFllB-Ibi6_fu-h60I8yJrFZ6Ocss3ckZO0jUkWm7oxtIxn0pdOzXiua5mcXvmfkcyugpuYne9UgMz1dYgte4vYQefUcz19bw16_bg1IQ1iRtk30bv9J1gisM1",
    "id_token": "eyJhbGciOiJSUzI1NiIsImtpZCI6IjU4OTYyMjUzMjk3OTQzNDZiMDYzOWU2ZjlkN2JkOGJjZTI5NTRmZDIiLCJ0eXAiOiJKV1QifQ.eyJhdWQiOiIzMjU1NTk0MDU1OS5hcHBzLmdvb2dsZXVzZXJjb250ZW50LmNvbSIsImF6cCI6IjEwNzMzNDUzMTg1MDI0NTgxOTY4MiIsImV4cCI6MTc4NDc1NDM1MywiaWF0IjoxNzg0NzUwNzUzLCJpc3MiOiJodHRwczovL2FjY291bnRzLmdvb2dsZS5jb20iLCJzdWIiOiIxMDczMzQ1MzE4NTAyNDU4MTk2ODIifQ.S7LXJmPcFkru-A1Hmfk5PI-OJeN4vKCJ9J3owZOT-DHX0vv7_42atYJpErAzUlR7YqjXZvbF29khRR2J5H2AkcRgXUmg7wYf39WxvaV_7FbBRt_QGaSret8Jkb7IOKhl3w5FO9vQEkhxyp2DPGNUAkuojAlJpw4yU2D8JRf2d9BLKTZMpbBBVHzTsfLpfbvFk1CUqqOs1gq3_BTVb3ug7VV8zH71peTcyhWKEe8XPU-6ZNx8E7cXpBo2l1AXizQLbV2BYKTNuoug6g8lwsdUon_a06ptblxEk-sBaqqC6SuNifXRmQp_GwU8VQ8krV2uY8xcSXmrAwr6Ua9_H1vp1A",
    "regional_access_boundary": "0x7ffffffffffffffe",
    "regional_access_boundary_expiry": "2026-07-23T00:55:48Z",
    "token_expiry": "2026-07-22T20:25:38Z"
  },
  "sentinels": {
    "config_sentinel": "/home/jupyter/.config/gcloud/config_sentinel"
  }
}
2026-07-22 20:05:53,776 INFO     ___FILE_ONLY___ 

2026-07-22 20:05:53,786 DEBUG    root            SDK update checks are disabled.
