2026-07-22 20:28:02,566 DEBUG    root            Loaded Command Group: ['gcloud', 'config']
2026-07-22 20:28:02,614 DEBUG    root            Loaded Command Group: ['gcloud', 'config', 'config_helper']
2026-07-22 20:28:02,618 DEBUG    root            Running [gcloud.config.config-helper] with arguments: [--format: "json", --min-expiry: "1800"]
2026-07-22 20:28:02,619 DEBUG    root            On GCE from disk cache: True
2026-07-22 20:28:02,636 DEBUG    root            On GCE from memory cache: True
2026-07-22 20:28:02,688 DEBUG    root            Chosen display Format:default json
2026-07-22 20:28:02,689 INFO     root            Display format: "default json"
2026-07-22 20:28:02,776 INFO     ___FILE_ONLY___ {
  "configuration": {
    "active_configuration": "default",
    "properties": {
      "compute": {
        "region": "us-central1"
      },
      "core": {
        "account": "927061930480-compute@developer.gserviceaccount.com",
        "disable_usage_reporting": "True",
        "project": "project-b38b370e-25fb-420a-a54",
        "universe_domain": "googleapis.com"
      },
      "dataproc": {
        "region": "us-central1"
      }
    }
  },
  "credential": {
    "access_token": "ya29.c.c0AZ4bNpbJmdr4--DoS5BO_bULDaK6evczMt9ooc0q_PWZFzcBhOlMwCmr44M1jCGVGd_Wk38-0JYEWTT2o71uyACMrLZvsiNlApWUWqVqFzBuaiSmE29RrUo4qXsu9EmCjIkMTtOkvv1XsSqHTxNoU0MdA-1dxLtRgcLGOA8FHN60i2B7tLxnLO496Xpi4Efnnhc3OmtS615Pc-mi3eAbVS2ZzVGE021gMsy69CZB0kY42ZsfL5ZZ40wrkQhRaEsZPiiKi4wEwvq1F3LgmXeW5MBSvymnxgQt9jXD_pmw4s-aOZS6YTiBtWxB8ApQq8u1_gyQ_hxQrz7tcW7sNz1WBBzxclb0yCBi_DVus0qGNddHe0_qy0mrvuwfRyfEu5cqtwabedLXTkk4SS5nUN2gAAE415DRhV0xdynuoUk1azUlrRRb4akOJqrIn2bjeidYjw1qIjXik90-zk8dFJnu8rbB7y6RtFmeBStUeuz1oX-Z_kFlqmBmS6mb2w9xxjuXqqhjyz-562ZdxtWRJlFo4VBd8_fYzlFxY07RBI5ziuZgyJyB8qYzxZucj12quaJIJi5rvVQmt87ezUsBUvYriXFpyvO7enxiV4W4ekuByj289ulkwQh1wbUa8jhXmVuS2m3bSxds-xSbXspsfutIsuv9oOuBWidnbwx301kt5vq6Yqn8jtt81oy1yZjruf_5-xtIXOxS2WiQ36zuhcUkUnJBbtM8_JjOcbWf73SmwV-8BbYw5Sm4U_kjcy-Xkr9Raeam1i3yBwF35JSzujiIXxr0OcY9g_IhRSJ-bzpwIoMwsYf3ewcj0hwglh0tmhIgv7dQjuedwY3pupU8X6Q-ti8l6Ywo-_crZkg8ekIxf69bOy2gupOwFJMeU5QMvwzadwpgaqXgMWF23smQnsbusdI6F1o6gplqXm_3xeh56rroe1jbFl0jgW5Z9m_-okIZxR8XSfq_zt99YpjIFFl1j2Q_afSo-uhg2k_zVI2BMnaggOrwplO62gR",
    "id_token": "eyJhbGciOiJSUzI1NiIsImtpZCI6IjU4OTYyMjUzMjk3OTQzNDZiMDYzOWU2ZjlkN2JkOGJjZTI5NTRmZDIiLCJ0eXAiOiJKV1QifQ.eyJhdWQiOiIzMjU1NTk0MDU1OS5hcHBzLmdvb2dsZXVzZXJjb250ZW50LmNvbSIsImF6cCI6IjEwNzMzNDUzMTg1MDI0NTgxOTY4MiIsImV4cCI6MTc4NDc1NTM3OSwiaWF0IjoxNzg0NzUxNzc5LCJpc3MiOiJodHRwczovL2FjY291bnRzLmdvb2dsZS5jb20iLCJzdWIiOiIxMDczMzQ1MzE4NTAyNDU4MTk2ODIifQ.lurI3VhNyNmZEyguMxDfbhrxqVTqjVK9vDit4ZDoEKv9B8DPcW8dk3ZcxHeMWSPes4VyN9pG4T-y5Q447-6RenWZoO1oGbyjlUcu8KWmfnLJN96LAFWefB_ZJGERK8NM1jAsj4Fjzee9mj_AU3sQmj9qgal6FFCs8vMxu9rz6E1ZAsTWLZL0NzY5DgNvZPFRgn5pvV6GQVn81Sa_i2vzl0ovR65LoY_1vnVx3jLScD1LgSM0B_ciDCZqPXRNjQa0eFUtGiZGluZ-ns_RLRfZ9e2QYMGWIl6gXMGBhNfC5nC3j6_U5sx3SpfZXuqi5y6sZSRypUxPgbMlC3Zy4bU2BQ",
    "regional_access_boundary": "0x7ffffffffffffffe",
    "regional_access_boundary_expiry": "2026-07-23T00:55:48Z",
    "token_expiry": "2026-07-22T21:20:56Z"
  },
  "sentinels": {
    "config_sentinel": "/home/jupyter/.config/gcloud/config_sentinel"
  }
}
2026-07-22 20:28:02,776 INFO     ___FILE_ONLY___ 

2026-07-22 20:28:02,788 DEBUG    root            SDK update checks are disabled.
