2026-07-22 20:27:20,050 DEBUG    root            Loaded Command Group: ['gcloud', 'projects']
2026-07-22 20:27:20,369 DEBUG    root            Loaded Command Group: ['gcloud', 'projects', 'add_iam_policy_binding']
2026-07-22 20:27:20,442 DEBUG    root            Running [gcloud.projects.add-iam-policy-binding] with arguments: [--member: "user:da5014_1@study.iitm.ac.in", --role: "roles/viewer", PROJECT_ID: "project-b38b370e-25fb-420a-a54"]
2026-07-22 20:27:20,450 DEBUG    root            On GCE from disk cache: True
2026-07-22 20:27:20,476 DEBUG    root            On GCE from memory cache: True
2026-07-22 20:27:20,494 DEBUG    urllib3.connectionpool Starting new HTTPS connection (1): cloudresourcemanager.googleapis.com:443
2026-07-22 20:27:20,620 DEBUG    urllib3.connectionpool https://cloudresourcemanager.googleapis.com:443 "POST /v1/projects/project-b38b370e-25fb-420a-a54:getIamPolicy?alt=json HTTP/1.1" 403 None
2026-07-22 20:27:20,631 DEBUG    root            (gcloud.projects.add-iam-policy-binding) [927061930480-compute@developer.gserviceaccount.com] does not have permission to access projects instance [project-b38b370e-25fb-420a-a54:getIamPolicy] (or it may not exist): The caller does not have permission. This command is authenticated as 927061930480-compute@developer.gserviceaccount.com which is the active account specified by the [core/account] property
Traceback (most recent call last):
  File "/usr/bin/../lib/google-cloud-sdk/lib/googlecloudsdk/calliope/cli.py", line 941, in Execute
    resources = calliope_command.Run(cli=self, args=args)
  File "/usr/bin/../lib/google-cloud-sdk/lib/googlecloudsdk/calliope/backend.py", line 968, in Run
    resources = command_instance.Run(args)
  File "/usr/bin/../lib/google-cloud-sdk/lib/googlecloudsdk/command_lib/util/apis/yaml_command_translator.py", line 1468, in Run
    policy = self._GetModifiedIamPolicyAddIamBinding(
        args, add_condition=self._add_condition)
  File "/usr/bin/../lib/google-cloud-sdk/lib/googlecloudsdk/command_lib/util/apis/yaml_command_translator.py", line 1415, in _GetModifiedIamPolicyAddIamBinding
    policy = self._GetIamPolicy(args)
  File "/usr/bin/../lib/google-cloud-sdk/lib/googlecloudsdk/command_lib/util/apis/yaml_command_translator.py", line 1381, in _GetIamPolicy
    policy = _CallMethod(
        get_iam_method,
    ...<3 lines>...
        ),
    )
  File "/usr/bin/../lib/google-cloud-sdk/lib/googlecloudsdk/command_lib/util/apis/yaml_command_translator.py", line 173, in _CallMethod
    return method.Call(
           ~~~~~~~~~~~^
        request, location=location, limit=limit, page_size=page_size
        ^^^^^^^^^^^^^^^^^^^^^^^^^^^^^^^^^^^^^^^^^^^^^^^^^^^^^^^^^^^^
    )
    ^
  File "/usr/bin/../lib/google-cloud-sdk/lib/googlecloudsdk/command_lib/util/apis/registry.py", line 358, in Call
    return request_func(global_params=global_params)
  File "/usr/bin/../lib/google-cloud-sdk/lib/googlecloudsdk/command_lib/util/apis/registry.py", line 421, in RequestFunc
    return method(request, global_params=global_params)
  File "/usr/bin/../lib/google-cloud-sdk/lib/googlecloudsdk/generated_clients/apis/cloudresourcemanager/v1/cloudresourcemanager_v1_client.py", line 834, in GetIamPolicy
    return self._RunMethod(
           ~~~~~~~~~~~~~~~^
        config, request, global_params=global_params)
        ^^^^^^^^^^^^^^^^^^^^^^^^^^^^^^^^^^^^^^^^^^^^^
  File "/usr/bin/../lib/google-cloud-sdk/lib/third_party/apitools/base/py/base_api.py", line 747, in _RunMethod
    return self.ProcessHttpResponse(method_config, http_response, request)
           ~~~~~~~~~~~~~~~~~~~~~~~~^^^^^^^^^^^^^^^^^^^^^^^^^^^^^^^^^^^^^^^
  File "/usr/bin/../lib/google-cloud-sdk/lib/third_party/apitools/base/py/base_api.py", line 753, in ProcessHttpResponse
    self.__ProcessHttpResponse(method_config, http_response, request))
    ~~~~~~~~~~~~~~~~~~~~~~~~~~^^^^^^^^^^^^^^^^^^^^^^^^^^^^^^^^^^^^^^^
  File "/usr/bin/../lib/google-cloud-sdk/lib/third_party/apitools/base/py/base_api.py", line 612, in __ProcessHttpResponse
    raise exceptions.HttpError.FromResponse(
        http_response, method_config=method_config, request=request)
apitools.base.py.exceptions.HttpForbiddenError: HttpError accessing <https://cloudresourcemanager.googleapis.com/v1/projects/project-b38b370e-25fb-420a-a54:getIamPolicy?alt=json>: response: <{'vary': 'Origin, X-Origin, Referer', 'content-type': 'application/json; charset=UTF-8', 'content-encoding': 'gzip', 'date': 'Wed, 22 Jul 2026 20:27:20 GMT', 'server': 'ESF', 'x-xss-protection': '0', 'x-frame-options': 'SAMEORIGIN', 'x-content-type-options': 'nosniff', 'server-timing': 'gfet4t7; dur=112', 'transfer-encoding': 'chunked', 'status': 403}>, content <{
  "error": {
    "code": 403,
    "message": "The caller does not have permission",
    "status": "PERMISSION_DENIED"
  }
}
>
2026-07-22 20:27:20,746 ERROR    root            (gcloud.projects.add-iam-policy-binding) [927061930480-compute@developer.gserviceaccount.com] does not have permission to access projects instance [project-b38b370e-25fb-420a-a54:getIamPolicy] (or it may not exist): The caller does not have permission. This command is authenticated as 927061930480-compute@developer.gserviceaccount.com which is the active account specified by the [core/account] property
