2026-06-26 15:30:47,585 DEBUG    root            Loaded Command Group: ['gcloud', 'config']
2026-06-26 15:30:47,702 DEBUG    root            Loaded Command Group: ['gcloud', 'config', 'config_helper']
2026-06-26 15:30:47,705 DEBUG    root            Running [gcloud.config.config-helper] with arguments: [--format: "json", --min-expiry: "1800"]
2026-06-26 15:30:47,705 DEBUG    root            On GCE from disk cache: True
2026-06-26 15:30:47,717 DEBUG    root            On GCE from memory cache: True
2026-06-26 15:30:47,744 DEBUG    root            Chosen display Format:default json
2026-06-26 15:30:47,744 INFO     root            Display format: "default json"
2026-06-26 15:30:47,783 INFO     ___FILE_ONLY___ {
  "configuration": {
    "active_configuration": "default",
    "properties": {
      "compute": {
        "region": "us-central1"
      },
      "core": {
        "account": "927061930480-compute@developer.gserviceaccount.com",
        "disable_usage_reporting": "True",
        "project": "project-b38b370e-25fb-420a-a54",
        "universe_domain": "googleapis.com"
      },
      "dataproc": {
        "region": "us-central1"
      }
    }
  },
  "credential": {
    "access_token": "ya29.c.c0AZ4bNpZ4LiEinBweBbtOwXMqhulFZq5N3K70e68MWzeAtwnIhcyCt6U99W2PeRW6IBjbGnewdwifLj_NqGacjttvCqqZV9Fy4baKaudbstmCAV4N9MHVS5i9NjD-gPWhPlTziN6Pen6vCAQvQE3QKhboQFuKdgxfIwizlhsJRS2WxF_HYLPPDylEXXFggh3LjvjlhKOxyNryHEMQfei4XUCjHQmEPEhN3qnQZA0K0KHM3b5DRy9p7qMIg-CHF3TwQ9XNGZ5mKcNxxxRjRA7vkMSf98fnjj-_0bETbTMWc0K3-2iFh4c97dT2PWYd-PCkVO1VFdHtD_4DFRwcLEj0WkXw4dotqbGu8cNjtZubYnKPf5rcZdZW39N4PUY87XHf0vXFo_fxHejyFhd8GJyjG413DdI19m78cdM14hs5OJ3BU8O84wwF0n9Bwk8g9lilcz_n-JSbskOI5yuRjephk3Rpz8pRf8Oiu4lMflxIu7dylhV3xW-bcV5JBulpIg8j5csgMWaBhbv6sR88Q9zV58QzggiaowkI-QXu7ulswV3vMMjwurrSOZu8fngIseuYcSqfBl1ycvubaRndVwow2IWVmOpX6Q2cMxZ_SQw624_dYqBZhacXvaq9th7h-oxORchs4dWZw-jWRyydXcpBQmm5tmt_RMfQOVtum9bMYpW0z9t2scmFwFx969qx2zxUlI05x103zxp5zjZ1_B7v6cbnBvgBgmR0VFlUBZXeYX0Is-5Fk3gYdZuetd45O1ys2uvlspr16eQ0rmFY0uI_k3icYm66WfRmgwayIz5iY3Y0z0p6p-yRrMpqywJ_ackw3RV_F7r1MlbIph-jp6Y7SZWgRnevdO8jUw5Y-3IMlmI7g_068Rij8VjSg1kyIgeXrjq2-mJ7XFpS4FZiB6OeoB7ri4qrMOfnsuSadwjtpcys0ZsdvxsRanXg4hRrYicuFVbbtqjgh8ui-vVdhOp9ZjhcysImMZcws8M1JcxOx3UvWh3-vzdjeQj",
    "id_token": "eyJhbGciOiJSUzI1NiIsImtpZCI6ImQxMjk3OGJhNGMyOWVmMTE1NGEzNGU0ODcwYzdhM2E1MWQyNmRmMTAiLCJ0eXAiOiJKV1QifQ.eyJhdWQiOiIzMjU1NTk0MDU1OS5hcHBzLmdvb2dsZXVzZXJjb250ZW50LmNvbSIsImF6cCI6IjEwNzMzNDUzMTg1MDI0NTgxOTY4MiIsImV4cCI6MTc4MjQ5MTMwNiwiaWF0IjoxNzgyNDg3NzA2LCJpc3MiOiJodHRwczovL2FjY291bnRzLmdvb2dsZS5jb20iLCJzdWIiOiIxMDczMzQ1MzE4NTAyNDU4MTk2ODIifQ.D_LfSARjZJw8cijsM_zF_eN55PnobTJDPt6I4swSmz-Zg3ICQ2m46XBp4Q_3BAMgQDLJfQwTYfvP7m8n9rC9hzZMUCVDaSvubUrOsqbpIeCpatpnTYTfcYMwgoJTLf8cR78y0oozxAGJJ8VCqPYKZ5OUCrW9CHaWZC6IAfTxLGbztSRnx3QJ4tPpvOqE1_nS3L2HMGPjJB2kWu5WsAakiTA1B3GqreP30a7RN3KWDpWjpzqTWiD3Ig2PohSFa578JH30GwFniNcUgiTOsSmbdsQFFgffXFruMNO_X1aDMWn5MdsPaDzSPUi9fBkBI-PYQkDzG6fSO6QMPxbvTd_Kzw",
    "regional_access_boundary": "0x7ffffffffffffffe",
    "regional_access_boundary_expiry": "2026-06-26T21:28:26Z",
    "token_expiry": "2026-06-26T16:27:46Z"
  },
  "sentinels": {
    "config_sentinel": "/home/jupyter/.config/gcloud/config_sentinel"
  }
}
2026-06-26 15:30:47,783 INFO     ___FILE_ONLY___ 

2026-06-26 15:30:47,790 DEBUG    root            SDK update checks are disabled.
